
Optional file libmchp_peripheral.a not found

Optional file libmchp_peripheral_32MX270F256B.a not found
Archive member included because of file (symbol)

c:/program files (x86)/microchip/xc32/v2.20/bin/bin/../../lib/gcc/pic32mx/4.8.3/../../../../pic32mx/lib\libpic32.a(memset.o)
                              build/default/production/_ext/1360937237/disp.o (memset)
c:/program files (x86)/microchip/xc32/v2.20/bin/bin/../../lib/gcc/pic32mx/4.8.3/../../../../pic32mx/lib\libpic32.a(default-bootstrap-exception-handler.o)
                              C:\Users\kiyos\AppData\Local\Temp\cccKULYV.o (_bootstrap_exception_handler)
c:/program files (x86)/microchip/xc32/v2.20/bin/bin/../../lib/gcc/pic32mx/4.8.3/../../../../pic32mx/lib\libpic32.a(default-on-reset.o)
                              C:\Users\kiyos\AppData\Local\Temp\cccKULYV.o (_on_reset)
c:/program files (x86)/microchip/xc32/v2.20/bin/bin/../../lib/gcc/pic32mx/4.8.3/../../../../pic32mx/lib\libpic32.a(default-on-bootstrap.o)
                              C:\Users\kiyos\AppData\Local\Temp\cccKULYV.o (_on_bootstrap)
c:/program files (x86)/microchip/xc32/v2.20/bin/bin/../../lib/gcc/pic32mx/4.8.3/../../../../pic32mx/lib\libpic32.a(default-nmi-handler.o)
                              C:\Users\kiyos\AppData\Local\Temp\cccKULYV.o (_nmi_handler)
c:/program files (x86)/microchip/xc32/v2.20/bin/bin/../../lib/gcc/pic32mx/4.8.3/../../../../pic32mx/lib\libpic32.a(pic32_data_init.o)
                              C:\Users\kiyos\AppData\Local\Temp\cccKULYV.o (__pic32_data_init)
c:/program files (x86)/microchip/xc32/v2.20/bin/bin/../../lib/gcc/pic32mx/4.8.3/../../../../pic32mx/lib\libpic32.a(general-exception.o)
                              C:\Users\kiyos\AppData\Local\Temp\cccKULYV.o (_general_exception_context)
c:/program files (x86)/microchip/xc32/v2.20/bin/bin/../../lib/gcc/pic32mx/4.8.3/../../../../pic32mx/lib\libpic32.a(vector0.o)
                              C:\Users\kiyos\AppData\Local\Temp\ccDCOc09.o (__vector_dispatch_0)
c:/program files (x86)/microchip/xc32/v2.20/bin/bin/../../lib/gcc/pic32mx/4.8.3/../../../../pic32mx/lib\libpic32.a(vector1.o)
                              C:\Users\kiyos\AppData\Local\Temp\ccDCOc09.o (__vector_dispatch_1)
c:/program files (x86)/microchip/xc32/v2.20/bin/bin/../../lib/gcc/pic32mx/4.8.3/../../../../pic32mx/lib\libpic32.a(vector2.o)
                              C:\Users\kiyos\AppData\Local\Temp\ccDCOc09.o (__vector_dispatch_2)
c:/program files (x86)/microchip/xc32/v2.20/bin/bin/../../lib/gcc/pic32mx/4.8.3/../../../../pic32mx/lib\libpic32.a(vector3.o)
                              C:\Users\kiyos\AppData\Local\Temp\ccDCOc09.o (__vector_dispatch_3)
c:/program files (x86)/microchip/xc32/v2.20/bin/bin/../../lib/gcc/pic32mx/4.8.3/../../../../pic32mx/lib\libpic32.a(vector4.o)
                              C:\Users\kiyos\AppData\Local\Temp\ccDCOc09.o (__vector_dispatch_4)
c:/program files (x86)/microchip/xc32/v2.20/bin/bin/../../lib/gcc/pic32mx/4.8.3/../../../../pic32mx/lib\libpic32.a(vector5.o)
                              C:\Users\kiyos\AppData\Local\Temp\ccDCOc09.o (__vector_dispatch_5)
c:/program files (x86)/microchip/xc32/v2.20/bin/bin/../../lib/gcc/pic32mx/4.8.3/../../../../pic32mx/lib\libpic32.a(vector6.o)
                              C:\Users\kiyos\AppData\Local\Temp\ccDCOc09.o (__vector_dispatch_6)
c:/program files (x86)/microchip/xc32/v2.20/bin/bin/../../lib/gcc/pic32mx/4.8.3/../../../../pic32mx/lib\libpic32.a(vector7.o)
                              C:\Users\kiyos\AppData\Local\Temp\ccDCOc09.o (__vector_dispatch_7)
c:/program files (x86)/microchip/xc32/v2.20/bin/bin/../../lib/gcc/pic32mx/4.8.3/../../../../pic32mx/lib\libpic32.a(vector8.o)
                              C:\Users\kiyos\AppData\Local\Temp\ccDCOc09.o (__vector_dispatch_8)
c:/program files (x86)/microchip/xc32/v2.20/bin/bin/../../lib/gcc/pic32mx/4.8.3/../../../../pic32mx/lib\libpic32.a(vector9.o)
                              C:\Users\kiyos\AppData\Local\Temp\ccDCOc09.o (__vector_dispatch_9)
c:/program files (x86)/microchip/xc32/v2.20/bin/bin/../../lib/gcc/pic32mx/4.8.3/../../../../pic32mx/lib\libpic32.a(vector10.o)
                              C:\Users\kiyos\AppData\Local\Temp\ccDCOc09.o (__vector_dispatch_10)
c:/program files (x86)/microchip/xc32/v2.20/bin/bin/../../lib/gcc/pic32mx/4.8.3/../../../../pic32mx/lib\libpic32.a(vector11.o)
                              C:\Users\kiyos\AppData\Local\Temp\ccDCOc09.o (__vector_dispatch_11)
c:/program files (x86)/microchip/xc32/v2.20/bin/bin/../../lib/gcc/pic32mx/4.8.3/../../../../pic32mx/lib\libpic32.a(vector12.o)
                              C:\Users\kiyos\AppData\Local\Temp\ccDCOc09.o (__vector_dispatch_12)
c:/program files (x86)/microchip/xc32/v2.20/bin/bin/../../lib/gcc/pic32mx/4.8.3/../../../../pic32mx/lib\libpic32.a(vector13.o)
                              C:\Users\kiyos\AppData\Local\Temp\ccDCOc09.o (__vector_dispatch_13)
[...]
Memory Configuration

Name             Origin             Length             Attributes
kseg0_program_mem 0x9d000000         0x0003f000         xr
exception_mem    0x9d03f000         0x00001000
debug_exec_mem   0x9fc00490         0x00000760
kseg0_boot_mem   0x9fc00490         0x00000000
kseg1_boot_mem   0xbfc00000         0x00000490
config3          0xbfc00bf0         0x00000004
config2          0xbfc00bf4         0x00000004
config1          0xbfc00bf8         0x00000004
config0          0xbfc00bfc         0x00000004
kseg1_data_mem   0xa0000000         0x00010000         w !x
sfrs             0xbf800000         0x00100000
configsfrs       0xbfc00bf0         0x00000010
*default*        0x00000000         0xffffffff

Linker script and memory map

LOAD c:/program files (x86)/microchip/xc32/v2.20/bin/bin/../../lib/gcc/pic32mx/4.8.3/../../../../pic32mx/lib\debug-exception-return.o
LOAD build/default/production/_ext/60165520/plib_clk.o
LOAD build/default/production/_ext/1865200349/plib_evic.o
LOAD build/default/production/_ext/1865254177/plib_gpio.o
LOAD build/default/production/_ext/163028504/xc32_monitor.o
LOAD build/default/production/_ext/1171490990/initialization.o
LOAD build/default/production/_ext/1171490990/interrupts.o
LOAD build/default/production/_ext/1171490990/exceptions.o
LOAD build/default/production/_ext/1360937237/main.o
LOAD build/default/production/_ext/1360937237/NTSC.o
LOAD build/default/production/_ext/1360937237/disp.o
                0x00000001                __MPLAB_BUILD = 0x1
                0x00000200                _min_heap_size = 0x200
LOAD C:\Users\kiyos\AppData\Local\Temp\cccKULYV.o
LOAD C:\Users\kiyos\AppData\Local\Temp\ccrPuWC3.o
LOAD C:\Users\kiyos\AppData\Local\Temp\ccDCOc09.o
LOAD c:/program files (x86)/microchip/xc32/v2.20/bin/bin/../../lib/gcc/pic32mx/4.8.3/../../../../pic32mx/lib\pic32_software_reset.o
                0x00000400                PROVIDE (_min_stack_size, 0x400)
START GROUP
LOAD c:/program files (x86)/microchip/xc32/v2.20/bin/bin/../../lib/gcc/pic32mx/4.8.3/../../../../pic32mx/lib/./proc/32MX270F256B\processor.o
END GROUP
START GROUP
LOAD libmchp_peripheral.a
END GROUP
START GROUP
LOAD libmchp_peripheral_32MX270F256B.a
END GROUP
                0x00000001                PROVIDE (_vector_spacing, 0x1)
                0x9d03f000                PROVIDE (_ebase_address, 0x9d03f000)
                0xbfc00000                _RESET_ADDR = 0xbfc00000
                0xbfc00380                _BEV_EXCPT_ADDR = 0xbfc00380
                0xbfc00480                _DBG_EXCPT_ADDR = 0xbfc00480
                0x9fc00490                _DBG_CODE_ADDR = 0x9fc00490
                0x00000760                _DBG_CODE_SIZE = 0x760
                0x9d03f180                _GEN_EXCPT_ADDR = (_ebase_address + 0x180)

.config_BFC00BF0
                0xbfc00bf0        0x4
 *(.config_BFC00BF0)
 .config_BFC00BF0
                0xbfc00bf0        0x4 build/default/production/_ext/1171490990/initialization.o

.config_BFC00BF4
                0xbfc00bf4        0x4
 *(.config_BFC00BF4)
 .config_BFC00BF4
                0xbfc00bf4        0x4 build/default/production/_ext/1171490990/initialization.o

.config_BFC00BF8
                0xbfc00bf8        0x4
 *(.config_BFC00BF8)
 .config_BFC00BF8
                0xbfc00bf8        0x4 build/default/production/_ext/1171490990/initialization.o

.config_BFC00BFC
                0xbfc00bfc        0x4
 *(.config_BFC00BFC)
 .config_BFC00BFC
                0xbfc00bfc        0x4 build/default/production/_ext/1171490990/initialization.o
                0xbfc02000                PROVIDE (_DBG_CODE_ADDR, 0xbfc02000)
                0x00000ff0                PROVIDE (_DBG_CODE_SIZE, 0xff0)

.reset          0xbfc00000      0x178
 *(.reset)
 .reset         0xbfc00000        0x8 C:\Users\kiyos\AppData\Local\Temp\cccKULYV.o
                0xbfc00000                _reset
 *(.reset.startup)
 .reset.startup
                0xbfc00008      0x170 C:\Users\kiyos\AppData\Local\Temp\cccKULYV.o
                0xbfc00008                _startup

.bev_excpt      0xbfc00380       0x10
 *(.bev_handler)
 .bev_handler   0xbfc00380       0x10 C:\Users\kiyos\AppData\Local\Temp\cccKULYV.o

.dbg_excpt      0xbfc00480        0x0
                0xbfc00480                . = (. + DEFINED (_DEBUGGER)?0x8:0x0)

.dbg_code       0x9fc00490        0x0
                0x9fc00490                . = (. + DEFINED (_DEBUGGER)?_DBG_CODE_SIZE:0x0)

.app_excpt      0x9d03f180       0x10
 *(.gen_handler)
 .gen_handler   0x9d03f180       0x10 C:\Users\kiyos\AppData\Local\Temp\cccKULYV.o

.vector_0       0x9d03f200        0x8
 *(.vector_0)
 .vector_0      0x9d03f200        0x8 c:/program files (x86)/microchip/xc32/v2.20/bin/bin/../../lib/gcc/pic32mx/4.8.3/../../../../pic32mx/lib\libpic32.a(vector0.o)
                0x9d03f200                __vector_dispatch_0
                0x00000001                ASSERT (((_vector_spacing == 0x0) || (SIZEOF (.vector_0) <= (_vector_spacing << 0x5))), function at exception vector 0 too large)

.vector_1       0x9d03f220        0x8
 *(.vector_1)
 .vector_1      0x9d03f220        0x8 c:/program files (x86)/microchip/xc32/v2.20/bin/bin/../../lib/gcc/pic32mx/4.8.3/../../../../pic32mx/lib\libpic32.a(vector1.o)
                0x9d03f220                __vector_dispatch_1
                0x00000001                ASSERT (((_vector_spacing == 0x0) || (SIZEOF (.vector_1) <= (_vector_spacing << 0x5))), function at exception vector 1 too large)

.vector_2       0x9d03f240        0x8
 *(.vector_2)
 .vector_2      0x9d03f240        0x8 c:/program files (x86)/microchip/xc32/v2.20/bin/bin/../../lib/gcc/pic32mx/4.8.3/../../../../pic32mx/lib\libpic32.a(vector2.o)
                0x9d03f240                __vector_dispatch_2
                0x00000001                ASSERT (((_vector_spacing == 0x0) || (SIZEOF (.vector_2) <= (_vector_spacing << 0x5))), function at exception vector 2 too large)

.vector_3       0x9d03f260        0x8
 *(.vector_3)
 .vector_3      0x9d03f260        0x8 c:/program files (x86)/microchip/xc32/v2.20/bin/bin/../../lib/gcc/pic32mx/4.8.3/../../../../pic32mx/lib\libpic32.a(vector3.o)
                0x9d03f260                __vector_dispatch_3
                0x00000001                ASSERT (((_vector_spacing == 0x0) || (SIZEOF (.vector_3) <= (_vector_spacing << 0x5))), function at exception vector 3 too large)

.vector_4       0x9d03f280        0x8
 *(.vector_4)
 .vector_4      0x9d03f280        0x8 c:/program files (x86)/microchip/xc32/v2.20/bin/bin/../../lib/gcc/pic32mx/4.8.3/../../../../pic32mx/lib\libpic32.a(vector4.o)
                0x9d03f280                __vector_dispatch_4
                0x00000001                ASSERT (((_vector_spacing == 0x0) || (SIZEOF (.vector_4) <= (_vector_spacing << 0x5))), function at exception vector 4 too large)

.vector_5       0x9d03f2a0        0x8
 *(.vector_5)
 .vector_5      0x9d03f2a0        0x8 c:/program files (x86)/microchip/xc32/v2.20/bin/bin/../../lib/gcc/pic32mx/4.8.3/../../../../pic32mx/lib\libpic32.a(vector5.o)
                0x9d03f2a0                __vector_dispatch_5
                0x00000001                ASSERT (((_vector_spacing == 0x0) || (SIZEOF (.vector_5) <= (_vector_spacing << 0x5))), function at exception vector 5 too large)

.vector_6       0x9d03f2c0        0x8
 *(.vector_6)
 .vector_6      0x9d03f2c0        0x8 c:/program files (x86)/microchip/xc32/v2.20/bin/bin/../../lib/gcc/pic32mx/4.8.3/../../../../pic32mx/lib\libpic32.a(vector6.o)
                0x9d03f2c0                __vector_dispatch_6
                0x00000001                ASSERT (((_vector_spacing == 0x0) || (SIZEOF (.vector_6) <= (_vector_spacing << 0x5))), function at exception vector 6 too large)

.vector_7       0x9d03f2e0        0x8
 *(.vector_7)
 .vector_7      0x9d03f2e0        0x8 c:/program files (x86)/microchip/xc32/v2.20/bin/bin/../../lib/gcc/pic32mx/4.8.3/../../../../pic32mx/lib\libpic32.a(vector7.o)
                0x9d03f2e0                __vector_dispatch_7
                0x00000001                ASSERT (((_vector_spacing == 0x0) || (SIZEOF (.vector_7) <= (_vector_spacing << 0x5))), function at exception vector 7 too large)

.vector_8       0x9d03f300        0x8
 *(.vector_8)
 .vector_8      0x9d03f300        0x8 c:/program files (x86)/microchip/xc32/v2.20/bin/bin/../../lib/gcc/pic32mx/4.8.3/../../../../pic32mx/lib\libpic32.a(vector8.o)
                0x9d03f300                __vector_dispatch_8
                0x00000001                ASSERT (((_vector_spacing == 0x0) || (SIZEOF (.vector_8) <= (_vector_spacing << 0x5))), function at exception vector 8 too large)

.vector_9       0x9d03f320        0x8
 *(.vector_9)
 .vector_9      0x9d03f320        0x8 c:/program files (x86)/microchip/xc32/v2.20/bin/bin/../../lib/gcc/pic32mx/4.8.3/../../../../pic32mx/lib\libpic32.a(vector9.o)
                0x9d03f320                __vector_dispatch_9
                0x00000001                ASSERT (((_vector_spacing == 0x0) || (SIZEOF (.vector_9) <= (_vector_spacing << 0x5))), function at exception vector 9 too large)

.vector_10      0x9d03f340        0x8
 *(.vector_10)
 .vector_10     0x9d03f340        0x8 c:/program files (x86)/microchip/xc32/v2.20/bin/bin/../../lib/gcc/pic32mx/4.8.3/../../../../pic32mx/lib\libpic32.a(vector10.o)
                0x9d03f340                __vector_dispatch_10
                0x00000001                ASSERT (((_vector_spacing == 0x0) || (SIZEOF (.vector_10) <= (_vector_spacing << 0x5))), function at exception vector 10 too large)

.vector_11      0x9d03f360        0x8
 *(.vector_11)
 .vector_11     0x9d03f360        0x8 c:/program files (x86)/microchip/xc32/v2.20/bin/bin/../../lib/gcc/pic32mx/4.8.3/../../../../pic32mx/lib\libpic32.a(vector11.o)
                0x9d03f360                __vector_dispatch_11
                0x00000001                ASSERT (((_vector_spacing == 0x0) || (SIZEOF (.vector_11) <= (_vector_spacing << 0x5))), function at exception vector 11 too large)

.vector_12      0x9d03f380        0x8
 *(.vector_12)
 .vector_12     0x9d03f380        0x8 c:/program files (x86)/microchip/xc32/v2.20/bin/bin/../../lib/gcc/pic32mx/4.8.3/../../../../pic32mx/lib\libpic32.a(vector12.o)
                0x9d03f380                __vector_dispatch_12
                0x00000001                ASSERT (((_vector_spacing == 0x0) || (SIZEOF (.vector_12) <= (_vector_spacing << 0x5))), function at exception vector 12 too large)

.vector_13      0x9d03f3a0        0x8
 *(.vector_13)
 .vector_13     0x9d03f3a0        0x8 c:/program files (x86)/microchip/xc32/v2.20/bin/bin/../../lib/gcc/pic32mx/4.8.3/../../../../pic32mx/lib\libpic32.a(vector13.o)
                0x9d03f3a0                __vector_dispatch_13
                0x00000001                ASSERT (((_vector_spacing == 0x0) || (SIZEOF (.vector_13) <= (_vector_spacing << 0x5))), function at exception vector 13 too large)

.vector_14      0x9d03f3c0        0x8
 *(.vector_14)
 .vector_14     0x9d03f3c0        0x8 c:/program files (x86)/microchip/xc32/v2.20/bin/bin/../../lib/gcc/pic32mx/4.8.3/../../../../pic32mx/lib\libpic32.a(vector14.o)
                0x9d03f3c0                __vector_dispatch_14
                0x00000001                ASSERT (((_vector_spacing == 0x0) || (SIZEOF (.vector_14) <= (_vector_spacing << 0x5))), function at exception vector 14 too large)

.vector_15      0x9d03f3e0        0x8
 *(.vector_15)
 .vector_15     0x9d03f3e0        0x8 c:/program files (x86)/microchip/xc32/v2.20/bin/bin/../../lib/gcc/pic32mx/4.8.3/../../../../pic32mx/lib\libpic32.a(vector15.o)
                0x9d03f3e0                __vector_dispatch_15
                0x00000001                ASSERT (((_vector_spacing == 0x0) || (SIZEOF (.vector_15) <= (_vector_spacing << 0x5))), function at exception vector 15 too large)

.vector_16      0x9d03f400        0x8
 *(.vector_16)
 .vector_16     0x9d03f400        0x8 c:/program files (x86)/microchip/xc32/v2.20/bin/bin/../../lib/gcc/pic32mx/4.8.3/../../../../pic32mx/lib\libpic32.a(vector16.o)
                0x9d03f400                __vector_dispatch_16
                0x00000001                ASSERT (((_vector_spacing == 0x0) || (SIZEOF (.vector_16) <= (_vector_spacing << 0x5))), function at exception vector 16 too large)

.vector_17      0x9d03f420        0x8
 *(.vector_17)
 .vector_17     0x9d03f420        0x8 c:/program files (x86)/microchip/xc32/v2.20/bin/bin/../../lib/gcc/pic32mx/4.8.3/../../../../pic32mx/lib\libpic32.a(vector17.o)
                0x9d03f420                __vector_dispatch_17
                0x00000001                ASSERT (((_vector_spacing == 0x0) || (SIZEOF (.vector_17) <= (_vector_spacing << 0x5))), function at exception vector 17 too large)

.vector_18      0x9d03f440        0x8
 *(.vector_18)
 .vector_18     0x9d03f440        0x8 c:/program files (x86)/microchip/xc32/v2.20/bin/bin/../../lib/gcc/pic32mx/4.8.3/../../../../pic32mx/lib\libpic32.a(vector18.o)
                0x9d03f440                __vector_dispatch_18
                0x00000001                ASSERT (((_vector_spacing == 0x0) || (SIZEOF (.vector_18) <= (_vector_spacing << 0x5))), function at exception vector 18 too large)

.vector_19      0x9d03f460        0x8
 *(.vector_19)
 .vector_19     0x9d03f460        0x8 c:/program files (x86)/microchip/xc32/v2.20/bin/bin/../../lib/gcc/pic32mx/4.8.3/../../../../pic32mx/lib\libpic32.a(vector19.o)
                0x9d03f460                __vector_dispatch_19
                0x00000001                ASSERT (((_vector_spacing == 0x0) || (SIZEOF (.vector_19) <= (_vector_spacing << 0x5))), function at exception vector 19 too large)

.vector_20      0x9d03f480        0x8
 *(.vector_20)
 .vector_20     0x9d03f480        0x8 c:/program files (x86)/microchip/xc32/v2.20/bin/bin/../../lib/gcc/pic32mx/4.8.3/../../../../pic32mx/lib\libpic32.a(vector20.o)
                0x9d03f480                __vector_dispatch_20
                0x00000001                ASSERT (((_vector_spacing == 0x0) || (SIZEOF (.vector_20) <= (_vector_spacing << 0x5))), function at exception vector 20 too large)

.vector_21      0x9d03f4a0        0x8
 *(.vector_21)
 .vector_21     0x9d03f4a0        0x8 c:/program files (x86)/microchip/xc32/v2.20/bin/bin/../../lib/gcc/pic32mx/4.8.3/../../../../pic32mx/lib\libpic32.a(vector21.o)
                0x9d03f4a0                __vector_dispatch_21
                0x00000001                ASSERT (((_vector_spacing == 0x0) || (SIZEOF (.vector_21) <= (_vector_spacing << 0x5))), function at exception vector 21 too large)

.vector_22      0x9d03f4c0        0x8
 *(.vector_22)
 .vector_22     0x9d03f4c0        0x8 c:/program files (x86)/microchip/xc32/v2.20/bin/bin/../../lib/gcc/pic32mx/4.8.3/../../../../pic32mx/lib\libpic32.a(vector22.o)
                0x9d03f4c0                __vector_dispatch_22
                0x00000001                ASSERT (((_vector_spacing == 0x0) || (SIZEOF (.vector_22) <= (_vector_spacing << 0x5))), function at exception vector 22 too large)

.vector_23      0x9d03f4e0        0x8
 *(.vector_23)
 .vector_23     0x9d03f4e0        0x8 c:/program files (x86)/microchip/xc32/v2.20/bin/bin/../../lib/gcc/pic32mx/4.8.3/../../../../pic32mx/lib\libpic32.a(vector23.o)
                0x9d03f4e0                __vector_dispatch_23
                0x00000001                ASSERT (((_vector_spacing == 0x0) || (SIZEOF (.vector_23) <= (_vector_spacing << 0x5))), function at exception vector 23 too large)

.vector_24      0x9d03f500        0x8
 *(.vector_24)
 .vector_24     0x9d03f500        0x8 c:/program files (x86)/microchip/xc32/v2.20/bin/bin/../../lib/gcc/pic32mx/4.8.3/../../../../pic32mx/lib\libpic32.a(vector24.o)
                0x9d03f500                __vector_dispatch_24
                0x00000001                ASSERT (((_vector_spacing == 0x0) || (SIZEOF (.vector_24) <= (_vector_spacing << 0x5))), function at exception vector 24 too large)

.vector_25      0x9d03f520        0x8
 *(.vector_25)
 .vector_25     0x9d03f520        0x8 c:/program files (x86)/microchip/xc32/v2.20/bin/bin/../../lib/gcc/pic32mx/4.8.3/../../../../pic32mx/lib\libpic32.a(vector25.o)
                0x9d03f520                __vector_dispatch_25
                0x00000001                ASSERT (((_vector_spacing == 0x0) || (SIZEOF (.vector_25) <= (_vector_spacing << 0x5))), function at exception vector 25 too large)

.vector_26      0x9d03f540        0x8
 *(.vector_26)
 .vector_26     0x9d03f540        0x8 c:/program files (x86)/microchip/xc32/v2.20/bin/bin/../../lib/gcc/pic32mx/4.8.3/../../../../pic32mx/lib\libpic32.a(vector26.o)
                0x9d03f540                __vector_dispatch_26
                0x00000001                ASSERT (((_vector_spacing == 0x0) || (SIZEOF (.vector_26) <= (_vector_spacing << 0x5))), function at exception vector 26 too large)

.vector_27      0x9d03f560        0x8
 *(.vector_27)
 .vector_27     0x9d03f560        0x8 c:/program files (x86)/microchip/xc32/v2.20/bin/bin/../../lib/gcc/pic32mx/4.8.3/../../../../pic32mx/lib\libpic32.a(vector27.o)
                0x9d03f560                __vector_dispatch_27
                0x00000001                ASSERT (((_vector_spacing == 0x0) || (SIZEOF (.vector_27) <= (_vector_spacing << 0x5))), function at exception vector 27 too large)

.vector_28      0x9d03f580        0x8
 *(.vector_28)
 .vector_28     0x9d03f580        0x8 c:/program files (x86)/microchip/xc32/v2.20/bin/bin/../../lib/gcc/pic32mx/4.8.3/../../../../pic32mx/lib\libpic32.a(vector28.o)
                0x9d03f580                __vector_dispatch_28
                0x00000001                ASSERT (((_vector_spacing == 0x0) || (SIZEOF (.vector_28) <= (_vector_spacing << 0x5))), function at exception vector 28 too large)

.vector_29      0x9d03f5a0        0x8
 *(.vector_29)
 .vector_29     0x9d03f5a0        0x8 c:/program files (x86)/microchip/xc32/v2.20/bin/bin/../../lib/gcc/pic32mx/4.8.3/../../../../pic32mx/lib\libpic32.a(vector29.o)
                0x9d03f5a0                __vector_dispatch_29
                0x00000001                ASSERT (((_vector_spacing == 0x0) || (SIZEOF (.vector_29) <= (_vector_spacing << 0x5))), function at exception vector 29 too large)

.vector_30      0x9d03f5c0        0x8
 *(.vector_30)
 .vector_30     0x9d03f5c0        0x8 c:/program files (x86)/microchip/xc32/v2.20/bin/bin/../../lib/gcc/pic32mx/4.8.3/../../../../pic32mx/lib\libpic32.a(vector30.o)
                0x9d03f5c0                __vector_dispatch_30
                0x00000001                ASSERT (((_vector_spacing == 0x0) || (SIZEOF (.vector_30) <= (_vector_spacing << 0x5))), function at exception vector 30 too large)

.vector_31      0x9d03f5e0        0x8
 *(.vector_31)
 .vector_31     0x9d03f5e0        0x8 c:/program files (x86)/microchip/xc32/v2.20/bin/bin/../../lib/gcc/pic32mx/4.8.3/../../../../pic32mx/lib\libpic32.a(vector31.o)
                0x9d03f5e0                __vector_dispatch_31
                0x00000001                ASSERT (((_vector_spacing == 0x0) || (SIZEOF (.vector_31) <= (_vector_spacing << 0x5))), function at exception vector 31 too large)

.vector_32      0x9d03f600        0x8
 *(.vector_32)
 .vector_32     0x9d03f600        0x8 c:/program files (x86)/microchip/xc32/v2.20/bin/bin/../../lib/gcc/pic32mx/4.8.3/../../../../pic32mx/lib\libpic32.a(vector32.o)
                0x9d03f600                __vector_dispatch_32
                0x00000001                ASSERT (((_vector_spacing == 0x0) || (SIZEOF (.vector_32) <= (_vector_spacing << 0x5))), function at exception vector 32 too large)

.vector_33      0x9d03f620        0x8
 *(.vector_33)
 .vector_33     0x9d03f620        0x8 c:/program files (x86)/microchip/xc32/v2.20/bin/bin/../../lib/gcc/pic32mx/4.8.3/../../../../pic32mx/lib\libpic32.a(vector33.o)
                0x9d03f620                __vector_dispatch_33
                0x00000001                ASSERT (((_vector_spacing == 0x0) || (SIZEOF (.vector_33) <= (_vector_spacing << 0x5))), function at exception vector 33 too large)

.vector_34      0x9d03f640        0x8
 *(.vector_34)
 .vector_34     0x9d03f640        0x8 c:/program files (x86)/microchip/xc32/v2.20/bin/bin/../../lib/gcc/pic32mx/4.8.3/../../../../pic32mx/lib\libpic32.a(vector34.o)
                0x9d03f640                __vector_dispatch_34
                0x00000001                ASSERT (((_vector_spacing == 0x0) || (SIZEOF (.vector_34) <= (_vector_spacing << 0x5))), function at exception vector 34 too large)

.vector_35      0x9d03f660        0x8
 *(.vector_35)
 .vector_35     0x9d03f660        0x8 c:/program files (x86)/microchip/xc32/v2.20/bin/bin/../../lib/gcc/pic32mx/4.8.3/../../../../pic32mx/lib\libpic32.a(vector35.o)
                0x9d03f660                __vector_dispatch_35
                0x00000001                ASSERT (((_vector_spacing == 0x0) || (SIZEOF (.vector_35) <= (_vector_spacing << 0x5))), function at exception vector 35 too large)

.vector_36      0x9d03f680        0x8
 *(.vector_36)
 .vector_36     0x9d03f680        0x8 c:/program files (x86)/microchip/xc32/v2.20/bin/bin/../../lib/gcc/pic32mx/4.8.3/../../../../pic32mx/lib\libpic32.a(vector36.o)
                0x9d03f680                __vector_dispatch_36
                0x00000001                ASSERT (((_vector_spacing == 0x0) || (SIZEOF (.vector_36) <= (_vector_spacing << 0x5))), function at exception vector 36 too large)

.vector_37      0x9d03f6a0        0x8
 *(.vector_37)
 .vector_37     0x9d03f6a0        0x8 c:/program files (x86)/microchip/xc32/v2.20/bin/bin/../../lib/gcc/pic32mx/4.8.3/../../../../pic32mx/lib\libpic32.a(vector37.o)
                0x9d03f6a0                __vector_dispatch_37
                0x00000001                ASSERT (((_vector_spacing == 0x0) || (SIZEOF (.vector_37) <= (_vector_spacing << 0x5))), function at exception vector 37 too large)

.vector_38      0x9d03f6c0        0x8
 *(.vector_38)
 .vector_38     0x9d03f6c0        0x8 c:/program files (x86)/microchip/xc32/v2.20/bin/bin/../../lib/gcc/pic32mx/4.8.3/../../../../pic32mx/lib\libpic32.a(vector38.o)
                0x9d03f6c0                __vector_dispatch_38
                0x00000001                ASSERT (((_vector_spacing == 0x0) || (SIZEOF (.vector_38) <= (_vector_spacing << 0x5))), function at exception vector 38 too large)

.vector_39      0x9d03f6e0        0x8
 *(.vector_39)
 .vector_39     0x9d03f6e0        0x8 c:/program files (x86)/microchip/xc32/v2.20/bin/bin/../../lib/gcc/pic32mx/4.8.3/../../../../pic32mx/lib\libpic32.a(vector39.o)
                0x9d03f6e0                __vector_dispatch_39
                0x00000001                ASSERT (((_vector_spacing == 0x0) || (SIZEOF (.vector_39) <= (_vector_spacing << 0x5))), function at exception vector 39 too large)

.vector_40      0x9d03f700        0x8
 *(.vector_40)
 .vector_40     0x9d03f700        0x8 c:/program files (x86)/microchip/xc32/v2.20/bin/bin/../../lib/gcc/pic32mx/4.8.3/../../../../pic32mx/lib\libpic32.a(vector40.o)
                0x9d03f700                __vector_dispatch_40
                0x00000001                ASSERT (((_vector_spacing == 0x0) || (SIZEOF (.vector_40) <= (_vector_spacing << 0x5))), function at exception vector 40 too large)

.vector_41      0x9d03f720        0x8
 *(.vector_41)
 .vector_41     0x9d03f720        0x8 c:/program files (x86)/microchip/xc32/v2.20/bin/bin/../../lib/gcc/pic32mx/4.8.3/../../../../pic32mx/lib\libpic32.a(vector41.o)
                0x9d03f720                __vector_dispatch_41
                0x00000001                ASSERT (((_vector_spacing == 0x0) || (SIZEOF (.vector_41) <= (_vector_spacing << 0x5))), function at exception vector 41 too large)

.vector_42      0x9d03f740        0x8
 *(.vector_42)
 .vector_42     0x9d03f740        0x8 build/default/production/_ext/1360937237/NTSC.o
                0x9d03f740                __vector_dispatch_42
                0x00000001                ASSERT (((_vector_spacing == 0x0) || (SIZEOF (.vector_42) <= (_vector_spacing << 0x5))), function at exception vector 42 too large)

.vector_43      0x9d03f760        0x8
 *(.vector_43)
 .vector_43     0x9d03f760        0x8 build/default/production/_ext/1360937237/NTSC.o
                0x9d03f760                __vector_dispatch_43
                0x00000001                ASSERT (((_vector_spacing == 0x0) || (SIZEOF (.vector_43) <= (_vector_spacing << 0x5))), function at exception vector 43 too large)

.vector_44      0x9d03f780        0x0
 *(.vector_44)
                0x00000001                ASSERT (((_vector_spacing == 0x0) || (SIZEOF (.vector_44) <= (_vector_spacing << 0x5))), function at exception vector 44 too large)

.vector_45      0x9d03f7a0        0x0
 *(.vector_45)
                0x00000001                ASSERT (((_vector_spacing == 0x0) || (SIZEOF (.vector_45) <= (_vector_spacing << 0x5))), function at exception vector 45 too large)

.vector_46      0x9d03f7c0        0x0
 *(.vector_46)
                0x00000001                ASSERT (((_vector_spacing == 0x0) || (SIZEOF (.vector_46) <= (_vector_spacing << 0x5))), function at exception vector 46 too large)

.vector_47      0x9d03f7e0        0x0
 *(.vector_47)
                0x00000001                ASSERT (((_vector_spacing == 0x0) || (SIZEOF (.vector_47) <= (_vector_spacing << 0x5))), function at exception vector 47 too large)

.vector_48      0x9d03f800        0x0
 *(.vector_48)
                0x00000001                ASSERT (((_vector_spacing == 0x0) || (SIZEOF (.vector_48) <= (_vector_spacing << 0x5))), function at exception vector 48 too large)

.vector_49      0x9d03f820        0x0
 *(.vector_49)
                0x00000001                ASSERT (((_vector_spacing == 0x0) || (SIZEOF (.vector_49) <= (_vector_spacing << 0x5))), function at exception vector 49 too large)

.vector_50      0x9d03f840        0x0
 *(.vector_50)
                0x00000001                ASSERT (((_vector_spacing == 0x0) || (SIZEOF (.vector_50) <= (_vector_spacing << 0x5))), function at exception vector 50 too large)

.vector_51      0x9d03f860        0x0
 *(.vector_51)
                0x00000001                ASSERT (((_vector_spacing == 0x0) || (SIZEOF (.vector_51) <= (_vector_spacing << 0x5))), function at exception vector 51 too large)

.vector_52      0x9d03f880        0x0
 *(.vector_52)
                0x00000001                ASSERT (((_vector_spacing == 0x0) || (SIZEOF (.vector_52) <= (_vector_spacing << 0x5))), function at exception vector 52 too large)

.vector_53      0x9d03f8a0        0x0
 *(.vector_53)
                0x00000001                ASSERT (((_vector_spacing == 0x0) || (SIZEOF (.vector_53) <= (_vector_spacing << 0x5))), function at exception vector 53 too large)

.vector_54      0x9d03f8c0        0x0
 *(.vector_54)
                0x00000001                ASSERT (((_vector_spacing == 0x0) || (SIZEOF (.vector_54) <= (_vector_spacing << 0x5))), function at exception vector 54 too large)

.vector_55      0x9d03f8e0        0x0
 *(.vector_55)
                0x00000001                ASSERT (((_vector_spacing == 0x0) || (SIZEOF (.vector_55) <= (_vector_spacing << 0x5))), function at exception vector 55 too large)

.vector_56      0x9d03f900        0x0
 *(.vector_56)
                0x00000001                ASSERT (((_vector_spacing == 0x0) || (SIZEOF (.vector_56) <= (_vector_spacing << 0x5))), function at exception vector 56 too large)

.vector_57      0x9d03f920        0x0
 *(.vector_57)
                0x00000001                ASSERT (((_vector_spacing == 0x0) || (SIZEOF (.vector_57) <= (_vector_spacing << 0x5))), function at exception vector 57 too large)

.vector_58      0x9d03f940        0x0
 *(.vector_58)
                0x00000001                ASSERT (((_vector_spacing == 0x0) || (SIZEOF (.vector_58) <= (_vector_spacing << 0x5))), function at exception vector 58 too large)

.vector_59      0x9d03f960        0x0
 *(.vector_59)
                0x00000001                ASSERT (((_vector_spacing == 0x0) || (SIZEOF (.vector_59) <= (_vector_spacing << 0x5))), function at exception vector 59 too large)

.vector_60      0x9d03f980        0x0
 *(.vector_60)
                0x00000001                ASSERT (((_vector_spacing == 0x0) || (SIZEOF (.vector_60) <= (_vector_spacing << 0x5))), function at exception vector 60 too large)

.vector_61      0x9d03f9a0        0x0
 *(.vector_61)
                0x00000001                ASSERT (((_vector_spacing == 0x0) || (SIZEOF (.vector_61) <= (_vector_spacing << 0x5))), function at exception vector 61 too large)

.vector_62      0x9d03f9c0        0x0
 *(.vector_62)
                0x00000001                ASSERT (((_vector_spacing == 0x0) || (SIZEOF (.vector_62) <= (_vector_spacing << 0x5))), function at exception vector 62 too large)

.vector_63      0x9d03f9e0        0x0
 *(.vector_63)
                0x00000001                ASSERT (((_vector_spacing == 0x0) || (SIZEOF (.vector_63) <= (_vector_spacing << 0x5))), function at exception vector 63 too large)

.startup
 *(.startup)

.text           0x9d000000        0x0
 *(.stub .gnu.linkonce.t.*)
 *(.text.*personality*)
 *(.mips16.fn.*)
 *(.mips16.call.*)
 *(.gnu.warning)
                0x9d000000                . = ALIGN (0x4)

.init           0x9d000000        0x0
 *crti.o(.init)
 *crtbegin.o(.init)
 *(EXCLUDE_FILE(*crtn.o *crtend?.o *crtend.o) .init)
 *crtend.o(.init)
 *crtn.o(.init)
                0x9d000000                . = ALIGN (0x4)

.fini           0x9d000000        0x0
 *(.fini)
                0x9d000000                . = ALIGN (0x4)

.preinit_array  0x9d000000        0x0
                0x9d000000                PROVIDE (__preinit_array_start, .)
 *(.preinit_array)
                0x9d000000                PROVIDE (__preinit_array_end, .)
                0x9d000000                . = ALIGN (0x4)

.init_array     0x9d000000        0x0
                0x9d000000                PROVIDE (__init_array_start, .)
 *(SORT(.init_array.*))
 *(.init_array)
                0x9d000000                PROVIDE (__init_array_end, .)
                0x9d000000                . = ALIGN (0x4)

.fini_array     0x9d000000        0x0
                0x9d000000                PROVIDE (__fini_array_start, .)
 *(SORT(.fini_array.*))
 *(.fini_array)
                0x9d000000                PROVIDE (__fini_array_end, .)
                0x9d000000                . = ALIGN (0x4)

.ctors          0x9d000000        0x0
 *crtbegin.o(.ctors)
 *crtbegin?.o(.ctors)
 *(EXCLUDE_FILE(*crtend?.o *crtend.o) .ctors)
 *(SORT(.ctors.*))
 *(.ctors)
                0x9d000000                . = ALIGN (0x4)

.dtors          0x9d000000        0x0
 *crtbegin.o(.dtors)
 *crtbegin?.o(.dtors)
 *(EXCLUDE_FILE(*crtend?.o *crtend.o) .dtors)
 *(SORT(.dtors.*))
 *(.dtors)
                0x9d000000                . = ALIGN (0x4)

.rodata         0x9d000000        0x0
 *(.gnu.linkonce.r.*)
 *(.rodata1)
                0x9d000000                . = ALIGN (0x4)

.sdata2         0x9fc00490        0x0
 *(.sdata2 .sdata2.* .gnu.linkonce.s2.*)
                0x9fc00490                . = ALIGN (0x4)

.sbss2          0x9fc00490        0x0
 *(.sbss2 .sbss2.* .gnu.linkonce.sb2.*)
                0x9fc00490                . = ALIGN (0x4)

.eh_frame_hdr
 *(.eh_frame_hdr)
                0x9fc00490                . = ALIGN (0x4)

.eh_frame
 *(.eh_frame)
                0x9fc00490                . = ALIGN (0x4)

.gcc_except_table
 *(.gcc_except_table .gcc_except_table.*)
                0x9fc00490                . = ALIGN (0x4)

.dbg_data       0xa0000000        0x0
                0xa0000000                . = (. + DEFINED (_DEBUGGER)?0x200:0x0)

.jcr            0xa0000000        0x0
 *(.jcr)
                0xa0000000                . = ALIGN (0x4)

.eh_frame
 *(.eh_frame)
                0xa0000000                . = ALIGN (0x4)

.gcc_except_table
 *(.gcc_except_table .gcc_except_table.*)
                0xa0000000                . = ALIGN (0x4)

.persist        0xa0000000        0x0
                0xa0000000                _persist_begin = .
 *(.persist .persist.*)
 *(.pbss .pbss.*)
                0xa0000000                . = ALIGN (0x4)
                0xa0000000                _persist_end = .

.data           0xa0000000        0x0
 *(.gnu.linkonce.d.*)
 *(.data1)
                0xa0000000                . = ALIGN (0x4)
                0xa0000000                . = .
                0xa0007ff0                _gp = (ALIGN (0x10) + 0x7ff0)

.got            0xa0000000        0x0
 *(.got.plt)
 *(.got)
                0xa0000000                . = ALIGN (0x4)

.sdata          0xa0000000        0x4
                0xa0000000                _sdata_begin = .
 *(.sdata .sdata.* .gnu.linkonce.s.*)
 .sdata         0xa0000000        0x4 build/default/production/_ext/1360937237/NTSC.o
                0xa0000004                . = ALIGN (0x4)
                0xa0000004                _sdata_end = .

.lit8
 *(.lit8)

.lit4
 *(.lit4)
                0xa0000004                . = ALIGN (0x4)
                0xa0000004                _data_end = .
                0xa0000004                _bss_begin = .

.sbss           0xa0000004       0x10
                0xa0000004                _sbss_begin = .
 *(.dynsbss)
 *(.sbss .sbss.* .gnu.linkonce.sb.*)
 .sbss          0xa0000004        0xc build/default/production/_ext/1171490990/exceptions.o
 .sbss          0xa0000010        0x4 build/default/production/_ext/1360937237/NTSC.o
 *(.scommon)
                0xa0000014                _sbss_end = .
                0xa0000014                . = ALIGN (0x4)

.bss            0xa0000014     0x64f0
 *(.dynbss)
 *(COMMON)
 COMMON         0xa0000014     0x64f0 build/default/production/_ext/1360937237/NTSC.o
                0xa0000014                video_0
                0xa0000064                v_sync1
                0xa000008c                h_sync
                0xa00000b4                v_sync23
                0xa00000dc                v_sync21
                0xa0000104                video
                0xa0006504                . = ALIGN ((. != 0x0)?0x4:0x1)
                0xa0006504                . = ALIGN (0x4)
                0xa0006504                _end = .
                0xa0006504                _bss_end = .
                0x00010000                _bmxdudba_address = 0x10000
                0x00010000                _bmxdupba_address = 0x10000

/DISCARD/
 *(.pdr)
 *(.rel.dyn)
 *(.note.GNU-stack)
 *(.note.GNU-stack)
 *(.gnu_debuglink)
 *(.gnu.lto_*)
 *(.discard)

.gptab.sdata
 *(.gptab.data)
 *(.gptab.sdata)

.gptab.sbss
 *(.gptab.bss)
 *(.gptab.sbss)

.mdebug.abi32   0xa0006504        0x0
 *(.mdebug.abi32)
 .mdebug.abi32  0xa0006504        0x0 build/default/production/_ext/60165520/plib_clk.o
 .mdebug.abi32  0xa0006504        0x0 build/default/production/_ext/1865200349/plib_evic.o
 .mdebug.abi32  0xa0006504        0x0 build/default/production/_ext/1865254177/plib_gpio.o
 .mdebug.abi32  0xa0006504        0x0 build/default/production/_ext/163028504/xc32_monitor.o
 .mdebug.abi32  0xa0006504        0x0 build/default/production/_ext/1171490990/initialization.o
 .mdebug.abi32  0xa0006504        0x0 build/default/production/_ext/1171490990/interrupts.o
 .mdebug.abi32  0xa0006504        0x0 build/default/production/_ext/1171490990/exceptions.o
 .mdebug.abi32  0xa0006504        0x0 build/default/production/_ext/1360937237/main.o
 .mdebug.abi32  0xa0006504        0x0 build/default/production/_ext/1360937237/NTSC.o
 .mdebug.abi32  0xa0006504        0x0 build/default/production/_ext/1360937237/disp.o
 .mdebug.abi32  0xa0006504        0x0 c:/program files (x86)/microchip/xc32/v2.20/bin/bin/../../lib/gcc/pic32mx/4.8.3/../../../../pic32mx/lib\libpic32.a(default-bootstrap-exception-handler.o)
 .mdebug.abi32  0xa0006504        0x0 c:/program files (x86)/microchip/xc32/v2.20/bin/bin/../../lib/gcc/pic32mx/4.8.3/../../../../pic32mx/lib\libpic32.a(default-on-reset.o)
 .mdebug.abi32  0xa0006504        0x0 c:/program files (x86)/microchip/xc32/v2.20/bin/bin/../../lib/gcc/pic32mx/4.8.3/../../../../pic32mx/lib\libpic32.a(default-on-bootstrap.o)
 .mdebug.abi32  0xa0006504        0x0 c:/program files (x86)/microchip/xc32/v2.20/bin/bin/../../lib/gcc/pic32mx/4.8.3/../../../../pic32mx/lib\libpic32.a(defaultinterrupt.o)
 .mdebug.abi32  0xa0006504        0x0 c:/program files (x86)/microchip/xc32/v2.20/bin/bin/../../lib/gcc/pic32mx/4.8.3/../../../../pic32mx/lib\libc.a(printf_cdnopsuxX.eo)
 .mdebug.abi32  0xa0006504        0x0 c:/program files (x86)/microchip/xc32/v2.20/bin/bin/../../lib/gcc/pic32mx/4.8.3/../../../../pic32mx/lib\libc.a(sprintf_cdnopuxX.eo)
 .mdebug.abi32  0xa0006504        0x0 c:/program files (x86)/microchip/xc32/v2.20/bin/bin/../../lib/gcc/pic32mx/4.8.3/../../../../pic32mx/lib\libc.a(vsprintf.o)
 .mdebug.abi32  0xa0006504        0x0 c:/program files (x86)/microchip/xc32/v2.20/bin/bin/../../lib/gcc/pic32mx/4.8.3/../../../../pic32mx/lib\libc.a(_iob.o)
 .mdebug.abi32  0xa0006504        0x0 c:/program files (x86)/microchip/xc32/v2.20/bin/bin/../../lib/gcc/pic32mx/4.8.3/../../../../pic32mx/lib\libc.a(doprnt_cdnopsuxX.eo)
 .mdebug.abi32  0xa0006504        0x0 c:/program files (x86)/microchip/xc32/v2.20/bin/bin/../../lib/gcc/pic32mx/4.8.3/../../../../pic32mx/lib\libc.a(doprnt.o)
 .mdebug.abi32  0xa0006504        0x0 c:/program files (x86)/microchip/xc32/v2.20/bin/bin/../../lib/gcc/pic32mx/4.8.3/../../../../pic32mx/lib\libc.a(_fputc_simple.o)
 .mdebug.abi32  0xa0006504        0x0 c:/program files (x86)/microchip/xc32/v2.20/bin/bin/../../lib/gcc/pic32mx/4.8.3/../../../../pic32mx/lib\libc.a(ctype.o)
 .mdebug.abi32  0xa0006504        0x0 c:/program files (x86)/microchip/xc32/v2.20/bin/bin/../../lib/gcc/pic32mx/4.8.3/../../../../pic32mx/lib\libc.a(ldpowers.o)
 .mdebug.abi32  0xa0006504        0x0 c:/program files (x86)/microchip/xc32/v2.20/bin/bin/../../lib/gcc/pic32mx/4.8.3/../../../../pic32mx/lib\libc.a(_flsbuf_simple.o)
 .mdebug.abi32  0xa0006504        0x0 c:/program files (x86)/microchip/xc32/v2.20/bin/bin/../../lib/gcc/pic32mx/4.8.3/../../../../pic32mx/lib\libe.a(_fixunsdfdi.o)
 .mdebug.abi32  0xa0006504        0x0 c:/program files (x86)/microchip/xc32/v2.20/bin/bin/../../lib/gcc/pic32mx/4.8.3/../../../../pic32mx/lib\libe.a(_orderdf2.o)
 .mdebug.abi32  0xa0006504        0x0 c:/program files (x86)/microchip/xc32/v2.20/bin/bin/../../lib/gcc/pic32mx/4.8.3/../../../../pic32mx/lib\libe.a(_fixdfdi.o)
 .mdebug.abi32  0xa0006504        0x0 c:/program files (x86)/microchip/xc32/v2.20/bin/bin/../../lib/gcc/pic32mx/4.8.3\libgcc.a(_floatundidf.o)
 .mdebug.abi32  0xa0006504        0x0 c:/program files (x86)/microchip/xc32/v2.20/bin/bin/../../lib/gcc/pic32mx/4.8.3\libgcc.a(_udivdi3.o)
 .mdebug.abi32  0xa0006504        0x0 c:/program files (x86)/microchip/xc32/v2.20/bin/bin/../../lib/gcc/pic32mx/4.8.3\libgcc.a(_umoddi3.o)
 .mdebug.abi32  0xa0006504        0x0 c:/program files (x86)/microchip/xc32/v2.20/bin/bin/../../lib/gcc/pic32mx/4.8.3\libgcc.a(floatunsidf.o)
 .mdebug.abi32  0xa0006504        0x0 c:/program files (x86)/microchip/xc32/v2.20/bin/bin/../../lib/gcc/pic32mx/4.8.3/../../../../pic32mx/lib\libpic32.a(write.o)

.mdebug.abiN32
 *(.mdebug.abiN32)

.mdebug.abi64
 *(.mdebug.abi64)

.mdebug.abiO64
 *(.mdebug.abiO64)

.mdebug.eabi32
 *(.mdebug.eabi32)

.mdebug.eabi64
 *(.mdebug.eabi64)

.gcc_compiled_long32
 *(.gcc_compiled_long32)

.gcc_compiled_long64
 *(.gcc_compiled_long64)

.stab
 *(.stab)

.stabstr
 *(.stabstr)

.stab.excl
 *(.stab.excl)

.stab.exclstr
 *(.stab.exclstr)

.stab.index
 *(.stab.index)

.stab.indexstr
 *(.stab.indexstr)

.comment        0x00000000      0x1c9
 *(.comment)
 .comment       0x00000000       0x3c build/default/production/_ext/60165520/plib_clk.o
                                 0x3d (size before relaxing)
 .comment       0x00000000       0x3d build/default/production/_ext/1865200349/plib_evic.o
 .comment       0x00000000       0x3d build/default/production/_ext/1865254177/plib_gpio.o
 .comment       0x00000000       0x3d build/default/production/_ext/163028504/xc32_monitor.o
 .comment       0x00000000       0x3d build/default/production/_ext/1171490990/initialization.o
 .comment       0x00000000       0x3d build/default/production/_ext/1171490990/interrupts.o
 .comment       0x00000000       0x3d build/default/production/_ext/1171490990/exceptions.o
 .comment       0x00000000       0x3d build/default/production/_ext/1360937237/main.o
 .comment       0x00000000       0x3d build/default/production/_ext/1360937237/NTSC.o
 .comment       0x00000000       0x3d build/default/production/_ext/1360937237/disp.o
 .comment       0x00000000       0x3d c:/program files (x86)/microchip/xc32/v2.20/bin/bin/../../lib/gcc/pic32mx/4.8.3/../../../../pic32mx/lib\libpic32.a(default-bootstrap-exception-handler.o)
 .comment       0x00000000       0x3d c:/program files (x86)/microchip/xc32/v2.20/bin/bin/../../lib/gcc/pic32mx/4.8.3/../../../../pic32mx/lib\libpic32.a(default-on-reset.o)
 .comment       0x00000000       0x3d c:/program files (x86)/microchip/xc32/v2.20/bin/bin/../../lib/gcc/pic32mx/4.8.3/../../../../pic32mx/lib\libpic32.a(default-on-bootstrap.o)
 .comment       0x00000000       0x3d c:/program files (x86)/microchip/xc32/v2.20/bin/bin/../../lib/gcc/pic32mx/4.8.3/../../../../pic32mx/lib\libpic32.a(defaultinterrupt.o)
 .comment       0x00000000       0x3d c:/program files (x86)/microchip/xc32/v2.20/bin/bin/../../lib/gcc/pic32mx/4.8.3/../../../../pic32mx/lib\libc.a(printf_cdnopsuxX.eo)
 .comment       0x00000000       0x3d c:/program files (x86)/microchip/xc32/v2.20/bin/bin/../../lib/gcc/pic32mx/4.8.3/../../../../pic32mx/lib\libc.a(sprintf_cdnopuxX.eo)
 .comment       0x00000000       0x3d c:/program files (x86)/microchip/xc32/v2.20/bin/bin/../../lib/gcc/pic32mx/4.8.3/../../../../pic32mx/lib\libc.a(vsprintf.o)
 .comment       0x00000000       0x3d c:/program files (x86)/microchip/xc32/v2.20/bin/bin/../../lib/gcc/pic32mx/4.8.3/../../../../pic32mx/lib\libc.a(_iob.o)
 .comment       0x00000000       0x3d c:/program files (x86)/microchip/xc32/v2.20/bin/bin/../../lib/gcc/pic32mx/4.8.3/../../../../pic32mx/lib\libc.a(doprnt_cdnopsuxX.eo)
 .comment       0x00000000       0x3d c:/program files (x86)/microchip/xc32/v2.20/bin/bin/../../lib/gcc/pic32mx/4.8.3/../../../../pic32mx/lib\libc.a(doprnt.o)
 .comment       0x00000000       0x3d c:/program files (x86)/microchip/xc32/v2.20/bin/bin/../../lib/gcc/pic32mx/4.8.3/../../../../pic32mx/lib\libc.a(_fputc_simple.o)
 .comment       0x0000003c       0x4e c:/program files (x86)/microchip/xc32/v2.20/bin/bin/../../lib/gcc/pic32mx/4.8.3/../../../../pic32mx/lib\libc.a(ctype.o)
                                 0x8b (size before relaxing)
 .comment       0x00000000       0x3d c:/program files (x86)/microchip/xc32/v2.20/bin/bin/../../lib/gcc/pic32mx/4.8.3/../../../../pic32mx/lib\libc.a(ldpowers.o)
 .comment       0x00000000       0x3d c:/program files (x86)/microchip/xc32/v2.20/bin/bin/../../lib/gcc/pic32mx/4.8.3/../../../../pic32mx/lib\libc.a(_flsbuf_simple.o)
 .comment       0x0000008a       0x9f c:/program files (x86)/microchip/xc32/v2.20/bin/bin/../../lib/gcc/pic32mx/4.8.3/../../../../pic32mx/lib\libe.a(_fixunsdfdi.o)
                                 0xdc (size before relaxing)
 .comment       0x00000129       0x50 c:/program files (x86)/microchip/xc32/v2.20/bin/bin/../../lib/gcc/pic32mx/4.8.3/../../../../pic32mx/lib\libe.a(_orderdf2.o)
                                 0xdb (size before relaxing)
 .comment       0x00000179       0x50 c:/program files (x86)/microchip/xc32/v2.20/bin/bin/../../lib/gcc/pic32mx/4.8.3/../../../../pic32mx/lib\libe.a(_fixdfdi.o)
                                 0xdb (size before relaxing)
 .comment       0x00000000       0x3d c:/program files (x86)/microchip/xc32/v2.20/bin/bin/../../lib/gcc/pic32mx/4.8.3\libgcc.a(_floatundidf.o)
 .comment       0x00000000       0x3d c:/program files (x86)/microchip/xc32/v2.20/bin/bin/../../lib/gcc/pic32mx/4.8.3\libgcc.a(_udivdi3.o)
 .comment       0x00000000       0x3d c:/program files (x86)/microchip/xc32/v2.20/bin/bin/../../lib/gcc/pic32mx/4.8.3\libgcc.a(_umoddi3.o)
 .comment       0x00000000       0x3d c:/program files (x86)/microchip/xc32/v2.20/bin/bin/../../lib/gcc/pic32mx/4.8.3\libgcc.a(floatunsidf.o)
 .comment       0x00000000       0x3d c:/program files (x86)/microchip/xc32/v2.20/bin/bin/../../lib/gcc/pic32mx/4.8.3/../../../../pic32mx/lib\libpic32.a(write.o)

.debug
 *(.debug)

.line
 *(.line)

.debug_srcinfo
 *(.debug_srcinfo)

.debug_sfnames
 *(.debug_sfnames)

.debug_aranges  0x00000000      0x4b0
 *(.debug_aranges)
 .debug_aranges
                0x00000000       0x20 build/default/production/_ext/60165520/plib_clk.o
 .debug_aranges
                0x00000020       0x50 build/default/production/_ext/1865200349/plib_evic.o
 .debug_aranges
                0x00000070       0x60 build/default/production/_ext/1865254177/plib_gpio.o
 .debug_aranges
                0x000000d0       0x28 build/default/production/_ext/163028504/xc32_monitor.o
 .debug_aranges
                0x000000f8       0x20 build/default/production/_ext/1171490990/initialization.o
 .debug_aranges
                0x00000118       0x18 build/default/production/_ext/1171490990/interrupts.o
 .debug_aranges
                0x00000130       0x20 build/default/production/_ext/1171490990/exceptions.o
 .debug_aranges
                0x00000150       0x20 build/default/production/_ext/1360937237/main.o
 .debug_aranges
                0x00000170       0x48 build/default/production/_ext/1360937237/NTSC.o
 .debug_aranges
                0x000001b8       0x88 build/default/production/_ext/1360937237/disp.o
 .debug_aranges
                0x00000240       0x20 c:/program files (x86)/microchip/xc32/v2.20/bin/bin/../../lib/gcc/pic32mx/4.8.3/../../../../pic32mx/lib\libpic32.a(default-bootstrap-exception-handler.o)
 .debug_aranges
                0x00000260       0x20 c:/program files (x86)/microchip/xc32/v2.20/bin/bin/../../lib/gcc/pic32mx/4.8.3/../../../../pic32mx/lib\libpic32.a(default-on-reset.o)
 .debug_aranges
                0x00000280       0x20 c:/program files (x86)/microchip/xc32/v2.20/bin/bin/../../lib/gcc/pic32mx/4.8.3/../../../../pic32mx/lib\libpic32.a(default-on-bootstrap.o)
 .debug_aranges
                0x000002a0       0x20 c:/program files (x86)/microchip/xc32/v2.20/bin/bin/../../lib/gcc/pic32mx/4.8.3/../../../../pic32mx/lib\libpic32.a(defaultinterrupt.o)
 .debug_aranges
                0x000002c0       0x20 c:/program files (x86)/microchip/xc32/v2.20/bin/bin/../../lib/gcc/pic32mx/4.8.3/../../../../pic32mx/lib\libc.a(printf_cdnopsuxX.eo)
 .debug_aranges
                0x000002e0       0x20 c:/program files (x86)/microchip/xc32/v2.20/bin/bin/../../lib/gcc/pic32mx/4.8.3/../../../../pic32mx/lib\libc.a(sprintf_cdnopuxX.eo)
 .debug_aranges
                0x00000300       0x20 c:/program files (x86)/microchip/xc32/v2.20/bin/bin/../../lib/gcc/pic32mx/4.8.3/../../../../pic32mx/lib\libc.a(vsprintf.o)
 .debug_aranges
                0x00000320       0x20 c:/program files (x86)/microchip/xc32/v2.20/bin/bin/../../lib/gcc/pic32mx/4.8.3/../../../../pic32mx/lib\libc.a(doprnt_cdnopsuxX.eo)
 .debug_aranges
                0x00000340       0x30 c:/program files (x86)/microchip/xc32/v2.20/bin/bin/../../lib/gcc/pic32mx/4.8.3/../../../../pic32mx/lib\libc.a(doprnt.o)
 .debug_aranges
                0x00000370       0x20 c:/program files (x86)/microchip/xc32/v2.20/bin/bin/../../lib/gcc/pic32mx/4.8.3/../../../../pic32mx/lib\libc.a(_fputc_simple.o)
 .debug_aranges
                0x00000390       0x20 c:/program files (x86)/microchip/xc32/v2.20/bin/bin/../../lib/gcc/pic32mx/4.8.3/../../../../pic32mx/lib\libc.a(_flsbuf_simple.o)
 .debug_aranges
                0x000003b0       0x20 c:/program files (x86)/microchip/xc32/v2.20/bin/bin/../../lib/gcc/pic32mx/4.8.3/../../../../pic32mx/lib\libe.a(_fixunsdfdi.o)
 .debug_aranges
                0x000003d0       0x20 c:/program files (x86)/microchip/xc32/v2.20/bin/bin/../../lib/gcc/pic32mx/4.8.3/../../../../pic32mx/lib\libe.a(_orderdf2.o)
 .debug_aranges
                0x000003f0       0x20 c:/program files (x86)/microchip/xc32/v2.20/bin/bin/../../lib/gcc/pic32mx/4.8.3/../../../../pic32mx/lib\libe.a(_fixdfdi.o)
 .debug_aranges
                0x00000410       0x20 c:/program files (x86)/microchip/xc32/v2.20/bin/bin/../../lib/gcc/pic32mx/4.8.3\libgcc.a(_floatundidf.o)
 .debug_aranges
                0x00000430       0x20 c:/program files (x86)/microchip/xc32/v2.20/bin/bin/../../lib/gcc/pic32mx/4.8.3\libgcc.a(_udivdi3.o)
 .debug_aranges
                0x00000450       0x20 c:/program files (x86)/microchip/xc32/v2.20/bin/bin/../../lib/gcc/pic32mx/4.8.3\libgcc.a(_umoddi3.o)
 .debug_aranges
                0x00000470       0x20 c:/program files (x86)/microchip/xc32/v2.20/bin/bin/../../lib/gcc/pic32mx/4.8.3\libgcc.a(floatunsidf.o)
 .debug_aranges
                0x00000490       0x20 c:/program files (x86)/microchip/xc32/v2.20/bin/bin/../../lib/gcc/pic32mx/4.8.3/../../../../pic32mx/lib\libpic32.a(write.o)

.debug_pubnames
 *(.debug_pubnames)

.debug_info     0x00000000     0x6cce
 *(.debug_info .gnu.linkonce.wi.*)
 .debug_info    0x00000000      0x19e build/default/production/_ext/60165520/plib_clk.o
 .debug_info    0x0000019e      0xa41 build/default/production/_ext/1865200349/plib_evic.o
 .debug_info    0x00000bdf      0x4ac build/default/production/_ext/1865254177/plib_gpio.o
 .debug_info    0x0000108b      0x12e build/default/production/_ext/163028504/xc32_monitor.o
 .debug_info    0x000011b9      0x344 build/default/production/_ext/1171490990/initialization.o
 .debug_info    0x000014fd      0x166 build/default/production/_ext/1171490990/interrupts.o
 .debug_info    0x00001663      0x255 build/default/production/_ext/1171490990/exceptions.o
 .debug_info    0x000018b8      0x4d8 build/default/production/_ext/1360937237/main.o
 .debug_info    0x00001d90     0x1c06 build/default/production/_ext/1360937237/NTSC.o
 .debug_info    0x00003996     0x14ae build/default/production/_ext/1360937237/disp.o
 .debug_info    0x00004e44       0xf4 c:/program files (x86)/microchip/xc32/v2.20/bin/bin/../../lib/gcc/pic32mx/4.8.3/../../../../pic32mx/lib\libpic32.a(default-bootstrap-exception-handler.o)
 .debug_info    0x00004f38       0xcd c:/program files (x86)/microchip/xc32/v2.20/bin/bin/../../lib/gcc/pic32mx/4.8.3/../../../../pic32mx/lib\libpic32.a(default-on-reset.o)
 .debug_info    0x00005005       0xd5 c:/program files (x86)/microchip/xc32/v2.20/bin/bin/../../lib/gcc/pic32mx/4.8.3/../../../../pic32mx/lib\libpic32.a(default-on-bootstrap.o)
 .debug_info    0x000050da       0xe7 c:/program files (x86)/microchip/xc32/v2.20/bin/bin/../../lib/gcc/pic32mx/4.8.3/../../../../pic32mx/lib\libpic32.a(defaultinterrupt.o)
 .debug_info    0x000051c1       0xcf c:/program files (x86)/microchip/xc32/v2.20/bin/bin/../../lib/gcc/pic32mx/4.8.3/../../../../pic32mx/lib\libc.a(printf_cdnopsuxX.eo)
 .debug_info    0x00005290       0xd0 c:/program files (x86)/microchip/xc32/v2.20/bin/bin/../../lib/gcc/pic32mx/4.8.3/../../../../pic32mx/lib\libc.a(sprintf_cdnopuxX.eo)
 .debug_info    0x00005360       0xc8 c:/program files (x86)/microchip/xc32/v2.20/bin/bin/../../lib/gcc/pic32mx/4.8.3/../../../../pic32mx/lib\libc.a(vsprintf.o)
 .debug_info    0x00005428       0xd2 c:/program files (x86)/microchip/xc32/v2.20/bin/bin/../../lib/gcc/pic32mx/4.8.3/../../../../pic32mx/lib\libc.a(doprnt_cdnopsuxX.eo)
 .debug_info    0x000054fa       0xfe c:/program files (x86)/microchip/xc32/v2.20/bin/bin/../../lib/gcc/pic32mx/4.8.3/../../../../pic32mx/lib\libc.a(doprnt.o)
 .debug_info    0x000055f8       0xc2 c:/program files (x86)/microchip/xc32/v2.20/bin/bin/../../lib/gcc/pic32mx/4.8.3/../../../../pic32mx/lib\libc.a(_fputc_simple.o)
 .debug_info    0x000056ba       0xc5 c:/program files (x86)/microchip/xc32/v2.20/bin/bin/../../lib/gcc/pic32mx/4.8.3/../../../../pic32mx/lib\libc.a(_flsbuf_simple.o)
 .debug_info    0x0000577f       0xce c:/program files (x86)/microchip/xc32/v2.20/bin/bin/../../lib/gcc/pic32mx/4.8.3/../../../../pic32mx/lib\libe.a(_fixunsdfdi.o)
 .debug_info    0x0000584d       0xba c:/program files (x86)/microchip/xc32/v2.20/bin/bin/../../lib/gcc/pic32mx/4.8.3/../../../../pic32mx/lib\libe.a(_orderdf2.o)
 .debug_info    0x00005907       0xb9 c:/program files (x86)/microchip/xc32/v2.20/bin/bin/../../lib/gcc/pic32mx/4.8.3/../../../../pic32mx/lib\libe.a(_fixdfdi.o)
 .debug_info    0x000059c0      0x245 c:/program files (x86)/microchip/xc32/v2.20/bin/bin/../../lib/gcc/pic32mx/4.8.3\libgcc.a(_floatundidf.o)
 .debug_info    0x00005c05      0x74b c:/program files (x86)/microchip/xc32/v2.20/bin/bin/../../lib/gcc/pic32mx/4.8.3\libgcc.a(_udivdi3.o)
 .debug_info    0x00006350      0x788 c:/program files (x86)/microchip/xc32/v2.20/bin/bin/../../lib/gcc/pic32mx/4.8.3\libgcc.a(_umoddi3.o)
 .debug_info    0x00006ad8      0x137 c:/program files (x86)/microchip/xc32/v2.20/bin/bin/../../lib/gcc/pic32mx/4.8.3\libgcc.a(floatunsidf.o)
 .debug_info    0x00006c0f       0xbf c:/program files (x86)/microchip/xc32/v2.20/bin/bin/../../lib/gcc/pic32mx/4.8.3/../../../../pic32mx/lib\libpic32.a(write.o)

.debug_abbrev   0x00000000      0xede
 *(.debug_abbrev)
 .debug_abbrev  0x00000000       0x39 build/default/production/_ext/60165520/plib_clk.o
 .debug_abbrev  0x00000039       0xef build/default/production/_ext/1865200349/plib_evic.o
 .debug_abbrev  0x00000128       0xd7 build/default/production/_ext/1865254177/plib_gpio.o
 .debug_abbrev  0x000001ff       0x66 build/default/production/_ext/163028504/xc32_monitor.o
 .debug_abbrev  0x00000265       0xd8 build/default/production/_ext/1171490990/initialization.o
 .debug_abbrev  0x0000033d       0x1b build/default/production/_ext/1171490990/interrupts.o
 .debug_abbrev  0x00000358       0xa4 build/default/production/_ext/1171490990/exceptions.o
 .debug_abbrev  0x000003fc      0x187 build/default/production/_ext/1360937237/main.o
 .debug_abbrev  0x00000583      0x18c build/default/production/_ext/1360937237/NTSC.o
 .debug_abbrev  0x0000070f      0x206 build/default/production/_ext/1360937237/disp.o
 .debug_abbrev  0x00000915       0x28 c:/program files (x86)/microchip/xc32/v2.20/bin/bin/../../lib/gcc/pic32mx/4.8.3/../../../../pic32mx/lib\libpic32.a(default-bootstrap-exception-handler.o)
 .debug_abbrev  0x0000093d       0x28 c:/program files (x86)/microchip/xc32/v2.20/bin/bin/../../lib/gcc/pic32mx/4.8.3/../../../../pic32mx/lib\libpic32.a(default-on-reset.o)
 .debug_abbrev  0x00000965       0x28 c:/program files (x86)/microchip/xc32/v2.20/bin/bin/../../lib/gcc/pic32mx/4.8.3/../../../../pic32mx/lib\libpic32.a(default-on-bootstrap.o)
 .debug_abbrev  0x0000098d       0x28 c:/program files (x86)/microchip/xc32/v2.20/bin/bin/../../lib/gcc/pic32mx/4.8.3/../../../../pic32mx/lib\libpic32.a(defaultinterrupt.o)
 .debug_abbrev  0x000009b5       0x28 c:/program files (x86)/microchip/xc32/v2.20/bin/bin/../../lib/gcc/pic32mx/4.8.3/../../../../pic32mx/lib\libc.a(printf_cdnopsuxX.eo)
 .debug_abbrev  0x000009dd       0x28 c:/program files (x86)/microchip/xc32/v2.20/bin/bin/../../lib/gcc/pic32mx/4.8.3/../../../../pic32mx/lib\libc.a(sprintf_cdnopuxX.eo)
 .debug_abbrev  0x00000a05       0x28 c:/program files (x86)/microchip/xc32/v2.20/bin/bin/../../lib/gcc/pic32mx/4.8.3/../../../../pic32mx/lib\libc.a(vsprintf.o)
 .debug_abbrev  0x00000a2d       0x28 c:/program files (x86)/microchip/xc32/v2.20/bin/bin/../../lib/gcc/pic32mx/4.8.3/../../../../pic32mx/lib\libc.a(doprnt_cdnopsuxX.eo)
 .debug_abbrev  0x00000a55       0x45 c:/program files (x86)/microchip/xc32/v2.20/bin/bin/../../lib/gcc/pic32mx/4.8.3/../../../../pic32mx/lib\libc.a(doprnt.o)
 .debug_abbrev  0x00000a9a       0x28 c:/program files (x86)/microchip/xc32/v2.20/bin/bin/../../lib/gcc/pic32mx/4.8.3/../../../../pic32mx/lib\libc.a(_fputc_simple.o)
 .debug_abbrev  0x00000ac2       0x28 c:/program files (x86)/microchip/xc32/v2.20/bin/bin/../../lib/gcc/pic32mx/4.8.3/../../../../pic32mx/lib\libc.a(_flsbuf_simple.o)
 .debug_abbrev  0x00000aea       0x37 c:/program files (x86)/microchip/xc32/v2.20/bin/bin/../../lib/gcc/pic32mx/4.8.3/../../../../pic32mx/lib\libe.a(_fixunsdfdi.o)
 .debug_abbrev  0x00000b21       0x28 c:/program files (x86)/microchip/xc32/v2.20/bin/bin/../../lib/gcc/pic32mx/4.8.3/../../../../pic32mx/lib\libe.a(_orderdf2.o)
 .debug_abbrev  0x00000b49       0x28 c:/program files (x86)/microchip/xc32/v2.20/bin/bin/../../lib/gcc/pic32mx/4.8.3/../../../../pic32mx/lib\libe.a(_fixdfdi.o)
 .debug_abbrev  0x00000b71       0x64 c:/program files (x86)/microchip/xc32/v2.20/bin/bin/../../lib/gcc/pic32mx/4.8.3\libgcc.a(_floatundidf.o)
 .debug_abbrev  0x00000bd5      0x138 c:/program files (x86)/microchip/xc32/v2.20/bin/bin/../../lib/gcc/pic32mx/4.8.3\libgcc.a(_udivdi3.o)
 .debug_abbrev  0x00000d0d      0x147 c:/program files (x86)/microchip/xc32/v2.20/bin/bin/../../lib/gcc/pic32mx/4.8.3\libgcc.a(_umoddi3.o)
 .debug_abbrev  0x00000e54       0x62 c:/program files (x86)/microchip/xc32/v2.20/bin/bin/../../lib/gcc/pic32mx/4.8.3\libgcc.a(floatunsidf.o)
 .debug_abbrev  0x00000eb6       0x28 c:/program files (x86)/microchip/xc32/v2.20/bin/bin/../../lib/gcc/pic32mx/4.8.3/../../../../pic32mx/lib\libpic32.a(write.o)

.debug_line     0x00000000     0x1c26
 *(.debug_line)
 .debug_line    0x00000000       0xa3 build/default/production/_ext/60165520/plib_clk.o
 .debug_line    0x000000a3      0x1ec build/default/production/_ext/1865200349/plib_evic.o
 .debug_line    0x0000028f      0x207 build/default/production/_ext/1865254177/plib_gpio.o
 .debug_line    0x00000496       0xad build/default/production/_ext/163028504/xc32_monitor.o
 .debug_line    0x00000543      0x2cc build/default/production/_ext/1171490990/initialization.o
 .debug_line    0x0000080f       0x1d build/default/production/_ext/1171490990/interrupts.o
 .debug_line    0x0000082c       0xe2 build/default/production/_ext/1171490990/exceptions.o
 .debug_line    0x0000090e      0x1ff build/default/production/_ext/1360937237/main.o
 .debug_line    0x00000b0d      0x24f build/default/production/_ext/1360937237/NTSC.o
 .debug_line    0x00000d5c      0x39d build/default/production/_ext/1360937237/disp.o
 .debug_line    0x000010f9       0xa6 c:/program files (x86)/microchip/xc32/v2.20/bin/bin/../../lib/gcc/pic32mx/4.8.3/../../../../pic32mx/lib\libpic32.a(default-bootstrap-exception-handler.o)
 .debug_line    0x0000119f       0x93 c:/program files (x86)/microchip/xc32/v2.20/bin/bin/../../lib/gcc/pic32mx/4.8.3/../../../../pic32mx/lib\libpic32.a(default-on-reset.o)
 .debug_line    0x00001232       0x97 c:/program files (x86)/microchip/xc32/v2.20/bin/bin/../../lib/gcc/pic32mx/4.8.3/../../../../pic32mx/lib\libpic32.a(default-on-bootstrap.o)
 .debug_line    0x000012c9       0xa5 c:/program files (x86)/microchip/xc32/v2.20/bin/bin/../../lib/gcc/pic32mx/4.8.3/../../../../pic32mx/lib\libpic32.a(defaultinterrupt.o)
 .debug_line    0x0000136e       0x7e c:/program files (x86)/microchip/xc32/v2.20/bin/bin/../../lib/gcc/pic32mx/4.8.3/../../../../pic32mx/lib\libc.a(printf_cdnopsuxX.eo)
 .debug_line    0x000013ec       0x7f c:/program files (x86)/microchip/xc32/v2.20/bin/bin/../../lib/gcc/pic32mx/4.8.3/../../../../pic32mx/lib\libc.a(sprintf_cdnopuxX.eo)
 .debug_line    0x0000146b       0x80 c:/program files (x86)/microchip/xc32/v2.20/bin/bin/../../lib/gcc/pic32mx/4.8.3/../../../../pic32mx/lib\libc.a(vsprintf.o)
 .debug_line    0x000014eb        0x0 c:/program files (x86)/microchip/xc32/v2.20/bin/bin/../../lib/gcc/pic32mx/4.8.3/../../../../pic32mx/lib\libc.a(_iob.o)
 .debug_line    0x000014eb       0x7e c:/program files (x86)/microchip/xc32/v2.20/bin/bin/../../lib/gcc/pic32mx/4.8.3/../../../../pic32mx/lib\libc.a(doprnt_cdnopsuxX.eo)
 .debug_line    0x00001569       0x7e c:/program files (x86)/microchip/xc32/v2.20/bin/bin/../../lib/gcc/pic32mx/4.8.3/../../../../pic32mx/lib\libc.a(doprnt.o)
 .debug_line    0x000015e7       0x7d c:/program files (x86)/microchip/xc32/v2.20/bin/bin/../../lib/gcc/pic32mx/4.8.3/../../../../pic32mx/lib\libc.a(_fputc_simple.o)
 .debug_line    0x00001664        0x0 c:/program files (x86)/microchip/xc32/v2.20/bin/bin/../../lib/gcc/pic32mx/4.8.3/../../../../pic32mx/lib\libc.a(ctype.o)
 .debug_line    0x00001664        0x0 c:/program files (x86)/microchip/xc32/v2.20/bin/bin/../../lib/gcc/pic32mx/4.8.3/../../../../pic32mx/lib\libc.a(ldpowers.o)
 .debug_line    0x00001664       0x7e c:/program files (x86)/microchip/xc32/v2.20/bin/bin/../../lib/gcc/pic32mx/4.8.3/../../../../pic32mx/lib\libc.a(_flsbuf_simple.o)
 .debug_line    0x000016e2       0x82 c:/program files (x86)/microchip/xc32/v2.20/bin/bin/../../lib/gcc/pic32mx/4.8.3/../../../../pic32mx/lib\libe.a(_fixunsdfdi.o)
 .debug_line    0x00001764       0x81 c:/program files (x86)/microchip/xc32/v2.20/bin/bin/../../lib/gcc/pic32mx/4.8.3/../../../../pic32mx/lib\libe.a(_orderdf2.o)
 .debug_line    0x000017e5       0x81 c:/program files (x86)/microchip/xc32/v2.20/bin/bin/../../lib/gcc/pic32mx/4.8.3/../../../../pic32mx/lib\libe.a(_fixdfdi.o)
 .debug_line    0x00001866       0xa5 c:/program files (x86)/microchip/xc32/v2.20/bin/bin/../../lib/gcc/pic32mx/4.8.3\libgcc.a(_floatundidf.o)
 .debug_line    0x0000190b       0xf7 c:/program files (x86)/microchip/xc32/v2.20/bin/bin/../../lib/gcc/pic32mx/4.8.3\libgcc.a(_udivdi3.o)
 .debug_line    0x00001a02      0x109 c:/program files (x86)/microchip/xc32/v2.20/bin/bin/../../lib/gcc/pic32mx/4.8.3\libgcc.a(_umoddi3.o)
 .debug_line    0x00001b0b       0x93 c:/program files (x86)/microchip/xc32/v2.20/bin/bin/../../lib/gcc/pic32mx/4.8.3\libgcc.a(floatunsidf.o)
 .debug_line    0x00001b9e       0x88 c:/program files (x86)/microchip/xc32/v2.20/bin/bin/../../lib/gcc/pic32mx/4.8.3/../../../../pic32mx/lib\libpic32.a(write.o)

.debug_frame    0x00000000      0x7c4
 *(.debug_frame)
 .debug_frame   0x00000000       0x20 build/default/production/_ext/60165520/plib_clk.o
 .debug_frame   0x00000020       0x80 build/default/production/_ext/1865200349/plib_evic.o
 .debug_frame   0x000000a0       0xa0 build/default/production/_ext/1865254177/plib_gpio.o
 .debug_frame   0x00000140       0x30 build/default/production/_ext/163028504/xc32_monitor.o
 .debug_frame   0x00000170       0x28 build/default/production/_ext/1171490990/initialization.o
 .debug_frame   0x00000198       0x28 build/default/production/_ext/1171490990/exceptions.o
 .debug_frame   0x000001c0       0x2c build/default/production/_ext/1360937237/main.o
 .debug_frame   0x000001ec       0xa0 build/default/production/_ext/1360937237/NTSC.o
 .debug_frame   0x0000028c      0x200 build/default/production/_ext/1360937237/disp.o
 .debug_frame   0x0000048c       0x2c c:/program files (x86)/microchip/xc32/v2.20/bin/bin/../../lib/gcc/pic32mx/4.8.3/../../../../pic32mx/lib\libpic32.a(default-bootstrap-exception-handler.o)
 .debug_frame   0x000004b8       0x20 c:/program files (x86)/microchip/xc32/v2.20/bin/bin/../../lib/gcc/pic32mx/4.8.3/../../../../pic32mx/lib\libpic32.a(default-on-reset.o)
 .debug_frame   0x000004d8       0x20 c:/program files (x86)/microchip/xc32/v2.20/bin/bin/../../lib/gcc/pic32mx/4.8.3/../../../../pic32mx/lib\libpic32.a(default-on-bootstrap.o)
 .debug_frame   0x000004f8       0x20 c:/program files (x86)/microchip/xc32/v2.20/bin/bin/../../lib/gcc/pic32mx/4.8.3/../../../../pic32mx/lib\libpic32.a(defaultinterrupt.o)
 .debug_frame   0x00000518       0x28 c:/program files (x86)/microchip/xc32/v2.20/bin/bin/../../lib/gcc/pic32mx/4.8.3/../../../../pic32mx/lib\libc.a(printf_cdnopsuxX.eo)
 .debug_frame   0x00000540       0x28 c:/program files (x86)/microchip/xc32/v2.20/bin/bin/../../lib/gcc/pic32mx/4.8.3/../../../../pic32mx/lib\libc.a(sprintf_cdnopuxX.eo)
 .debug_frame   0x00000568       0x28 c:/program files (x86)/microchip/xc32/v2.20/bin/bin/../../lib/gcc/pic32mx/4.8.3/../../../../pic32mx/lib\libc.a(vsprintf.o)
 .debug_frame   0x00000590       0x38 c:/program files (x86)/microchip/xc32/v2.20/bin/bin/../../lib/gcc/pic32mx/4.8.3/../../../../pic32mx/lib\libc.a(doprnt_cdnopsuxX.eo)
 .debug_frame   0x000005c8       0x74 c:/program files (x86)/microchip/xc32/v2.20/bin/bin/../../lib/gcc/pic32mx/4.8.3/../../../../pic32mx/lib\libc.a(doprnt.o)
 .debug_frame   0x0000063c       0x2c c:/program files (x86)/microchip/xc32/v2.20/bin/bin/../../lib/gcc/pic32mx/4.8.3/../../../../pic32mx/lib\libc.a(_fputc_simple.o)
 .debug_frame   0x00000668       0x28 c:/program files (x86)/microchip/xc32/v2.20/bin/bin/../../lib/gcc/pic32mx/4.8.3/../../../../pic32mx/lib\libc.a(_flsbuf_simple.o)
 .debug_frame   0x00000690       0x2c c:/program files (x86)/microchip/xc32/v2.20/bin/bin/../../lib/gcc/pic32mx/4.8.3/../../../../pic32mx/lib\libe.a(_fixunsdfdi.o)
 .debug_frame   0x000006bc       0x20 c:/program files (x86)/microchip/xc32/v2.20/bin/bin/../../lib/gcc/pic32mx/4.8.3/../../../../pic32mx/lib\libe.a(_orderdf2.o)
 .debug_frame   0x000006dc       0x20 c:/program files (x86)/microchip/xc32/v2.20/bin/bin/../../lib/gcc/pic32mx/4.8.3/../../../../pic32mx/lib\libe.a(_fixdfdi.o)
 .debug_frame   0x000006fc       0x28 c:/program files (x86)/microchip/xc32/v2.20/bin/bin/../../lib/gcc/pic32mx/4.8.3\libgcc.a(_floatundidf.o)
 .debug_frame   0x00000724       0x20 c:/program files (x86)/microchip/xc32/v2.20/bin/bin/../../lib/gcc/pic32mx/4.8.3\libgcc.a(_udivdi3.o)
 .debug_frame   0x00000744       0x20 c:/program files (x86)/microchip/xc32/v2.20/bin/bin/../../lib/gcc/pic32mx/4.8.3\libgcc.a(_umoddi3.o)
 .debug_frame   0x00000764       0x28 c:/program files (x86)/microchip/xc32/v2.20/bin/bin/../../lib/gcc/pic32mx/4.8.3\libgcc.a(floatunsidf.o)
 .debug_frame   0x0000078c       0x38 c:/program files (x86)/microchip/xc32/v2.20/bin/bin/../../lib/gcc/pic32mx/4.8.3/../../../../pic32mx/lib\libpic32.a(write.o)

.debug_str      0x00000000       0x20
 *(.debug_str)
 .debug_str     0x00000000        0x0 build/default/production/_ext/60165520/plib_clk.o
 .debug_str     0x00000000        0x7 build/default/production/_ext/1865200349/plib_evic.o
 .debug_str     0x00000007        0xa build/default/production/_ext/1865254177/plib_gpio.o
 .debug_str     0x00000011        0x0 build/default/production/_ext/163028504/xc32_monitor.o
 .debug_str     0x00000011        0x0 build/default/production/_ext/1171490990/initialization.o
 .debug_str     0x00000011        0x0 build/default/production/_ext/1171490990/interrupts.o
 .debug_str     0x00000011        0x0 build/default/production/_ext/1171490990/exceptions.o
 .debug_str     0x00000011        0x0 build/default/production/_ext/1360937237/main.o
 .debug_str     0x00000011        0x0 build/default/production/_ext/1360937237/NTSC.o
 .debug_str     0x00000011        0xf build/default/production/_ext/1360937237/disp.o
 .debug_str     0x00000020        0x0 c:/program files (x86)/microchip/xc32/v2.20/bin/bin/../../lib/gcc/pic32mx/4.8.3/../../../../pic32mx/lib\libpic32.a(default-bootstrap-exception-handler.o)
 .debug_str     0x00000020        0x0 c:/program files (x86)/microchip/xc32/v2.20/bin/bin/../../lib/gcc/pic32mx/4.8.3/../../../../pic32mx/lib\libpic32.a(default-on-reset.o)
 .debug_str     0x00000020        0x0 c:/program files (x86)/microchip/xc32/v2.20/bin/bin/../../lib/gcc/pic32mx/4.8.3/../../../../pic32mx/lib\libpic32.a(default-on-bootstrap.o)
 .debug_str     0x00000020        0x0 c:/program files (x86)/microchip/xc32/v2.20/bin/bin/../../lib/gcc/pic32mx/4.8.3/../../../../pic32mx/lib\libpic32.a(defaultinterrupt.o)
 .debug_str     0x00000020        0x0 c:/program files (x86)/microchip/xc32/v2.20/bin/bin/../../lib/gcc/pic32mx/4.8.3/../../../../pic32mx/lib\libc.a(printf_cdnopsuxX.eo)
 .debug_str     0x00000020        0x0 c:/program files (x86)/microchip/xc32/v2.20/bin/bin/../../lib/gcc/pic32mx/4.8.3/../../../../pic32mx/lib\libc.a(sprintf_cdnopuxX.eo)
 .debug_str     0x00000020        0x0 c:/program files (x86)/microchip/xc32/v2.20/bin/bin/../../lib/gcc/pic32mx/4.8.3/../../../../pic32mx/lib\libc.a(vsprintf.o)
 .debug_str     0x00000020        0x0 c:/program files (x86)/microchip/xc32/v2.20/bin/bin/../../lib/gcc/pic32mx/4.8.3/../../../../pic32mx/lib\libc.a(_iob.o)
 .debug_str     0x00000020        0x0 c:/program files (x86)/microchip/xc32/v2.20/bin/bin/../../lib/gcc/pic32mx/4.8.3/../../../../pic32mx/lib\libc.a(doprnt_cdnopsuxX.eo)
 .debug_str     0x00000020        0x0 c:/program files (x86)/microchip/xc32/v2.20/bin/bin/../../lib/gcc/pic32mx/4.8.3/../../../../pic32mx/lib\libc.a(doprnt.o)
 .debug_str     0x00000020        0x0 c:/program files (x86)/microchip/xc32/v2.20/bin/bin/../../lib/gcc/pic32mx/4.8.3/../../../../pic32mx/lib\libc.a(_fputc_simple.o)
 .debug_str     0x00000020        0x0 c:/program files (x86)/microchip/xc32/v2.20/bin/bin/../../lib/gcc/pic32mx/4.8.3/../../../../pic32mx/lib\libc.a(ctype.o)
 .debug_str     0x00000020        0x0 c:/program files (x86)/microchip/xc32/v2.20/bin/bin/../../lib/gcc/pic32mx/4.8.3/../../../../pic32mx/lib\libc.a(ldpowers.o)
 .debug_str     0x00000020        0x0 c:/program files (x86)/microchip/xc32/v2.20/bin/bin/../../lib/gcc/pic32mx/4.8.3/../../../../pic32mx/lib\libc.a(_flsbuf_simple.o)
 .debug_str     0x00000020        0x0 c:/program files (x86)/microchip/xc32/v2.20/bin/bin/../../lib/gcc/pic32mx/4.8.3/../../../../pic32mx/lib\libe.a(_fixunsdfdi.o)
 .debug_str     0x00000020        0x0 c:/program files (x86)/microchip/xc32/v2.20/bin/bin/../../lib/gcc/pic32mx/4.8.3/../../../../pic32mx/lib\libe.a(_orderdf2.o)
 .debug_str     0x00000020        0x0 c:/program files (x86)/microchip/xc32/v2.20/bin/bin/../../lib/gcc/pic32mx/4.8.3/../../../../pic32mx/lib\libe.a(_fixdfdi.o)
 .debug_str     0x00000020        0x0 c:/program files (x86)/microchip/xc32/v2.20/bin/bin/../../lib/gcc/pic32mx/4.8.3\libgcc.a(_floatundidf.o)
 .debug_str     0x00000020        0x0 c:/program files (x86)/microchip/xc32/v2.20/bin/bin/../../lib/gcc/pic32mx/4.8.3\libgcc.a(_udivdi3.o)
 .debug_str     0x00000020        0x0 c:/program files (x86)/microchip/xc32/v2.20/bin/bin/../../lib/gcc/pic32mx/4.8.3\libgcc.a(_umoddi3.o)
 .debug_str     0x00000020        0x0 c:/program files (x86)/microchip/xc32/v2.20/bin/bin/../../lib/gcc/pic32mx/4.8.3\libgcc.a(floatunsidf.o)
 .debug_str     0x00000020        0x0 c:/program files (x86)/microchip/xc32/v2.20/bin/bin/../../lib/gcc/pic32mx/4.8.3/../../../../pic32mx/lib\libpic32.a(write.o)

.debug_loc      0x00000000     0x3095
 *(.debug_loc)
 .debug_loc     0x00000000       0xc4 build/default/production/_ext/1865200349/plib_evic.o
 .debug_loc     0x000000c4      0x129 build/default/production/_ext/1865254177/plib_gpio.o
 .debug_loc     0x000001ed       0x21 build/default/production/_ext/1171490990/initialization.o
 .debug_loc     0x0000020e      0x235 build/default/production/_ext/1360937237/NTSC.o
 .debug_loc     0x00000443     0x1666 build/default/production/_ext/1360937237/disp.o
 .debug_loc     0x00001aa9       0x2c c:/program files (x86)/microchip/xc32/v2.20/bin/bin/../../lib/gcc/pic32mx/4.8.3/../../../../pic32mx/lib\libpic32.a(default-bootstrap-exception-handler.o)
 .debug_loc     0x00001ad5       0x20 c:/program files (x86)/microchip/xc32/v2.20/bin/bin/../../lib/gcc/pic32mx/4.8.3/../../../../pic32mx/lib\libe.a(_fixunsdfdi.o)
 .debug_loc     0x00001af5       0x41 c:/program files (x86)/microchip/xc32/v2.20/bin/bin/../../lib/gcc/pic32mx/4.8.3\libgcc.a(_floatundidf.o)
 .debug_loc     0x00001b36      0xa6a c:/program files (x86)/microchip/xc32/v2.20/bin/bin/../../lib/gcc/pic32mx/4.8.3\libgcc.a(_udivdi3.o)
 .debug_loc     0x000025a0      0xa3d c:/program files (x86)/microchip/xc32/v2.20/bin/bin/../../lib/gcc/pic32mx/4.8.3\libgcc.a(_umoddi3.o)
 .debug_loc     0x00002fdd       0x80 c:/program files (x86)/microchip/xc32/v2.20/bin/bin/../../lib/gcc/pic32mx/4.8.3\libgcc.a(floatunsidf.o)
 .debug_loc     0x0000305d       0x38 c:/program files (x86)/microchip/xc32/v2.20/bin/bin/../../lib/gcc/pic32mx/4.8.3/../../../../pic32mx/lib\libpic32.a(write.o)

.debug_macinfo
 *(.debug_macinfo)

.debug_weaknames
 *(.debug_weaknames)

.debug_funcnames
 *(.debug_funcnames)

.debug_typenames
 *(.debug_typenames)

.debug_varnames
 *(.debug_varnames)

.debug_pubtypes
 *(.debug_pubtypes)

.debug_ranges   0x00000000      0x408
 *(.debug_ranges)
 .debug_ranges  0x00000000       0x10 build/default/production/_ext/60165520/plib_clk.o
 .debug_ranges  0x00000010       0x40 build/default/production/_ext/1865200349/plib_evic.o
 .debug_ranges  0x00000050       0x50 build/default/production/_ext/1865254177/plib_gpio.o
 .debug_ranges  0x000000a0       0x18 build/default/production/_ext/163028504/xc32_monitor.o
 .debug_ranges  0x000000b8       0x10 build/default/production/_ext/1171490990/initialization.o
 .debug_ranges  0x000000c8       0x10 build/default/production/_ext/1171490990/exceptions.o
 .debug_ranges  0x000000d8       0x10 build/default/production/_ext/1360937237/main.o
 .debug_ranges  0x000000e8       0x38 build/default/production/_ext/1360937237/NTSC.o
 .debug_ranges  0x00000120       0x78 build/default/production/_ext/1360937237/disp.o
 .debug_ranges  0x00000198       0x10 c:/program files (x86)/microchip/xc32/v2.20/bin/bin/../../lib/gcc/pic32mx/4.8.3/../../../../pic32mx/lib\libpic32.a(default-bootstrap-exception-handler.o)
 .debug_ranges  0x000001a8       0x10 c:/program files (x86)/microchip/xc32/v2.20/bin/bin/../../lib/gcc/pic32mx/4.8.3/../../../../pic32mx/lib\libpic32.a(default-on-reset.o)
 .debug_ranges  0x000001b8       0x10 c:/program files (x86)/microchip/xc32/v2.20/bin/bin/../../lib/gcc/pic32mx/4.8.3/../../../../pic32mx/lib\libpic32.a(default-on-bootstrap.o)
 .debug_ranges  0x000001c8       0x10 c:/program files (x86)/microchip/xc32/v2.20/bin/bin/../../lib/gcc/pic32mx/4.8.3/../../../../pic32mx/lib\libpic32.a(defaultinterrupt.o)
 .debug_ranges  0x000001d8       0x10 c:/program files (x86)/microchip/xc32/v2.20/bin/bin/../../lib/gcc/pic32mx/4.8.3/../../../../pic32mx/lib\libc.a(printf_cdnopsuxX.eo)
 .debug_ranges  0x000001e8       0x10 c:/program files (x86)/microchip/xc32/v2.20/bin/bin/../../lib/gcc/pic32mx/4.8.3/../../../../pic32mx/lib\libc.a(sprintf_cdnopuxX.eo)
 .debug_ranges  0x000001f8       0x10 c:/program files (x86)/microchip/xc32/v2.20/bin/bin/../../lib/gcc/pic32mx/4.8.3/../../../../pic32mx/lib\libc.a(vsprintf.o)
 .debug_ranges  0x00000208       0x10 c:/program files (x86)/microchip/xc32/v2.20/bin/bin/../../lib/gcc/pic32mx/4.8.3/../../../../pic32mx/lib\libc.a(doprnt_cdnopsuxX.eo)
 .debug_ranges  0x00000218       0x20 c:/program files (x86)/microchip/xc32/v2.20/bin/bin/../../lib/gcc/pic32mx/4.8.3/../../../../pic32mx/lib\libc.a(doprnt.o)
 .debug_ranges  0x00000238       0x10 c:/program files (x86)/microchip/xc32/v2.20/bin/bin/../../lib/gcc/pic32mx/4.8.3/../../../../pic32mx/lib\libc.a(_fputc_simple.o)
 .debug_ranges  0x00000248       0x10 c:/program files (x86)/microchip/xc32/v2.20/bin/bin/../../lib/gcc/pic32mx/4.8.3/../../../../pic32mx/lib\libc.a(_flsbuf_simple.o)
 .debug_ranges  0x00000258       0x10 c:/program files (x86)/microchip/xc32/v2.20/bin/bin/../../lib/gcc/pic32mx/4.8.3/../../../../pic32mx/lib\libe.a(_fixunsdfdi.o)
 .debug_ranges  0x00000268       0x10 c:/program files (x86)/microchip/xc32/v2.20/bin/bin/../../lib/gcc/pic32mx/4.8.3/../../../../pic32mx/lib\libe.a(_orderdf2.o)
 .debug_ranges  0x00000278       0x10 c:/program files (x86)/microchip/xc32/v2.20/bin/bin/../../lib/gcc/pic32mx/4.8.3/../../../../pic32mx/lib\libe.a(_fixdfdi.o)
 .debug_ranges  0x00000288       0x98 c:/program files (x86)/microchip/xc32/v2.20/bin/bin/../../lib/gcc/pic32mx/4.8.3\libgcc.a(_udivdi3.o)
 .debug_ranges  0x00000320       0xd8 c:/program files (x86)/microchip/xc32/v2.20/bin/bin/../../lib/gcc/pic32mx/4.8.3\libgcc.a(_umoddi3.o)
 .debug_ranges  0x000003f8       0x10 c:/program files (x86)/microchip/xc32/v2.20/bin/bin/../../lib/gcc/pic32mx/4.8.3/../../../../pic32mx/lib\libpic32.a(write.o)

.gnu.attributes
                0x00000000       0x10
 *(.gnu.attributes)
 .gnu.attributes
                0x00000000       0x10 build/default/production/_ext/60165520/plib_clk.o
 .gnu.attributes
                0x00000010       0x10 build/default/production/_ext/1865200349/plib_evic.o
 .gnu.attributes
                0x00000020       0x10 build/default/production/_ext/1865254177/plib_gpio.o
 .gnu.attributes
                0x00000030       0x10 build/default/production/_ext/163028504/xc32_monitor.o
 .gnu.attributes
                0x00000040       0x10 build/default/production/_ext/1171490990/initialization.o
 .gnu.attributes
                0x00000050       0x10 build/default/production/_ext/1171490990/interrupts.o
 .gnu.attributes
                0x00000060       0x10 build/default/production/_ext/1171490990/exceptions.o
 .gnu.attributes
                0x00000070       0x10 build/default/production/_ext/1360937237/main.o
 .gnu.attributes
                0x00000080       0x10 build/default/production/_ext/1360937237/NTSC.o
 .gnu.attributes
                0x00000090       0x10 build/default/production/_ext/1360937237/disp.o
 .gnu.attributes
                0x000000a0       0x10 c:/program files (x86)/microchip/xc32/v2.20/bin/bin/../../lib/gcc/pic32mx/4.8.3/../../../../pic32mx/lib\libpic32.a(default-bootstrap-exception-handler.o)
 .gnu.attributes
                0x000000b0       0x10 c:/program files (x86)/microchip/xc32/v2.20/bin/bin/../../lib/gcc/pic32mx/4.8.3/../../../../pic32mx/lib\libpic32.a(default-on-reset.o)
 .gnu.attributes
                0x000000c0       0x10 c:/program files (x86)/microchip/xc32/v2.20/bin/bin/../../lib/gcc/pic32mx/4.8.3/../../../../pic32mx/lib\libpic32.a(default-on-bootstrap.o)
 .gnu.attributes
                0x000000d0       0x10 c:/program files (x86)/microchip/xc32/v2.20/bin/bin/../../lib/gcc/pic32mx/4.8.3/../../../../pic32mx/lib\libpic32.a(defaultinterrupt.o)
 .gnu.attributes
                0x000000e0       0x10 c:/program files (x86)/microchip/xc32/v2.20/bin/bin/../../lib/gcc/pic32mx/4.8.3/../../../../pic32mx/lib\libc.a(printf_cdnopsuxX.eo)
 .gnu.attributes
                0x000000f0       0x10 c:/program files (x86)/microchip/xc32/v2.20/bin/bin/../../lib/gcc/pic32mx/4.8.3/../../../../pic32mx/lib\libc.a(sprintf_cdnopuxX.eo)
 .gnu.attributes
                0x00000100       0x10 c:/program files (x86)/microchip/xc32/v2.20/bin/bin/../../lib/gcc/pic32mx/4.8.3/../../../../pic32mx/lib\libc.a(vsprintf.o)
 .gnu.attributes
                0x00000110       0x10 c:/program files (x86)/microchip/xc32/v2.20/bin/bin/../../lib/gcc/pic32mx/4.8.3/../../../../pic32mx/lib\libc.a(_iob.o)
 .gnu.attributes
                0x00000120       0x10 c:/program files (x86)/microchip/xc32/v2.20/bin/bin/../../lib/gcc/pic32mx/4.8.3/../../../../pic32mx/lib\libc.a(doprnt_cdnopsuxX.eo)
 .gnu.attributes
                0x00000130       0x10 c:/program files (x86)/microchip/xc32/v2.20/bin/bin/../../lib/gcc/pic32mx/4.8.3/../../../../pic32mx/lib\libc.a(doprnt.o)
 .gnu.attributes
                0x00000140       0x10 c:/program files (x86)/microchip/xc32/v2.20/bin/bin/../../lib/gcc/pic32mx/4.8.3/../../../../pic32mx/lib\libc.a(_fputc_simple.o)
 .gnu.attributes
                0x00000150       0x10 c:/program files (x86)/microchip/xc32/v2.20/bin/bin/../../lib/gcc/pic32mx/4.8.3/../../../../pic32mx/lib\libc.a(ctype.o)
 .gnu.attributes
                0x00000160       0x10 c:/program files (x86)/microchip/xc32/v2.20/bin/bin/../../lib/gcc/pic32mx/4.8.3/../../../../pic32mx/lib\libc.a(ldpowers.o)
 .gnu.attributes
                0x00000170       0x10 c:/program files (x86)/microchip/xc32/v2.20/bin/bin/../../lib/gcc/pic32mx/4.8.3/../../../../pic32mx/lib\libc.a(_flsbuf_simple.o)
 .gnu.attributes
                0x00000180       0x10 c:/program files (x86)/microchip/xc32/v2.20/bin/bin/../../lib/gcc/pic32mx/4.8.3/../../../../pic32mx/lib\libe.a(_fixunsdfdi.o)
 .gnu.attributes
                0x00000190       0x10 c:/program files (x86)/microchip/xc32/v2.20/bin/bin/../../lib/gcc/pic32mx/4.8.3/../../../../pic32mx/lib\libe.a(_orderdf2.o)
 .gnu.attributes
                0x000001a0       0x10 c:/program files (x86)/microchip/xc32/v2.20/bin/bin/../../lib/gcc/pic32mx/4.8.3/../../../../pic32mx/lib\libe.a(_fixdfdi.o)
 .gnu.attributes
                0x000001b0       0x10 c:/program files (x86)/microchip/xc32/v2.20/bin/bin/../../lib/gcc/pic32mx/4.8.3\libgcc.a(_floatundidf.o)
 .gnu.attributes
                0x000001c0       0x10 c:/program files (x86)/microchip/xc32/v2.20/bin/bin/../../lib/gcc/pic32mx/4.8.3\libgcc.a(_udivdi3.o)
 .gnu.attributes
                0x000001d0       0x10 c:/program files (x86)/microchip/xc32/v2.20/bin/bin/../../lib/gcc/pic32mx/4.8.3\libgcc.a(_umoddi3.o)
 .gnu.attributes
                0x000001e0       0x10 c:/program files (x86)/microchip/xc32/v2.20/bin/bin/../../lib/gcc/pic32mx/4.8.3\libgcc.a(floatunsidf.o)
 .gnu.attributes
                0x000001f0       0x10 c:/program files (x86)/microchip/xc32/v2.20/bin/bin/../../lib/gcc/pic32mx/4.8.3/../../../../pic32mx/lib\libpic32.a(write.o)
LOAD c:/program files (x86)/microchip/xc32/v2.20/bin/bin/../../lib/gcc/pic32mx/4.8.3\libgcc.a
START GROUP
LOAD c:/program files (x86)/microchip/xc32/v2.20/bin/bin/../../lib/gcc/pic32mx/4.8.3/../../../../pic32mx/lib\libpic32.a
LOAD c:/program files (x86)/microchip/xc32/v2.20/bin/bin/../../lib/gcc/pic32mx/4.8.3/../../../../pic32mx/lib\libdebug.a
LOAD c:/program files (x86)/microchip/xc32/v2.20/bin/bin/../../lib/gcc/pic32mx/4.8.3/../../../../pic32mx/lib\libpic32.a
LOAD c:/program files (x86)/microchip/xc32/v2.20/bin/bin/../../lib/gcc/pic32mx/4.8.3/../../../../pic32mx/lib\libc.a
LOAD c:/program files (x86)/microchip/xc32/v2.20/bin/bin/../../lib/gcc/pic32mx/4.8.3/../../../../pic32mx/lib\libc.a
LOAD c:/program files (x86)/microchip/xc32/v2.20/bin/bin/../../lib/gcc/pic32mx/4.8.3/../../../../pic32mx/lib\libm.a
LOAD c:/program files (x86)/microchip/xc32/v2.20/bin/bin/../../lib/gcc/pic32mx/4.8.3/../../../../pic32mx/lib\libe.a
LOAD c:/program files (x86)/microchip/xc32/v2.20/bin/bin/../../lib/gcc/pic32mx/4.8.3/../../../../pic32mx/lib\libdsp.a
LOAD c:/program files (x86)/microchip/xc32/v2.20/bin/bin/../../lib/gcc/pic32mx/4.8.3\libgcc.a
LOAD c:/program files (x86)/microchip/xc32/v2.20/bin/bin/../../lib/gcc/pic32mx/4.8.3/../../../../pic32mx/lib\libpic32.a
END GROUP
LOAD c:/program files (x86)/microchip/xc32/v2.20/bin/bin/../../lib/gcc/pic32mx/4.8.3\libgcc.a
OUTPUT(dist/default/production/No10029B.X.production.elf elf32-tradlittlemips)
LOAD stack
LOAD data_init

.reginfo        0x00000000       0x18
 .reginfo       0x00000000       0x18 c:/program files (x86)/microchip/xc32/v2.20/bin/bin/../../lib/gcc/pic32mx/4.8.3/../../../../pic32mx/lib\debug-exception-return.o

.stack          0xa0006808      0x400
 .stack         0xa0006808      0x400 stack

.data           0xa0006504       0xa4
 .data          0xa0006504       0xa4 c:/program files (x86)/microchip/xc32/v2.20/bin/bin/../../lib/gcc/pic32mx/4.8.3/../../../../pic32mx/lib\libc.a(_iob.o)
                0xa0006504                _Files
                0xa0006508                _iob

.bss            0xa00065a8       0x44
 .bss           0xa00065a8       0x44 c:/program files (x86)/microchip/xc32/v2.20/bin/bin/../../lib/gcc/pic32mx/4.8.3/../../../../pic32mx/lib\libc.a(_iob.o)
                0xa00065a8                _sobuf
                0xa00065c8                _sibuf
                0xa00065e8                _outdone

._debug_exception
                0xbfc00480       0x2c
 ._debug_exception
                0xbfc00480       0x2c c:/program files (x86)/microchip/xc32/v2.20/bin/bin/../../lib/gcc/pic32mx/4.8.3/../../../../pic32mx/lib\debug-exception-return.o
                0xbfc00480                __DbgExecReturn

.text._vfprintf_cdnopsuxX
                0x9d000000      0xc8c
 .text._vfprintf_cdnopsuxX
                0x9d000000      0xc8c c:/program files (x86)/microchip/xc32/v2.20/bin/bin/../../lib/gcc/pic32mx/4.8.3/../../../../pic32mx/lib\libc.a(doprnt_cdnopsuxX.eo)
                0x9d000000                _vfprintf_cdnopsuxX
                0x9d000000                _vfprintf_cdnopuxX

.text           0x9d000c8c      0x8bc
 .text          0x9d000c8c      0x464 c:/program files (x86)/microchip/xc32/v2.20/bin/bin/../../lib/gcc/pic32mx/4.8.3\libgcc.a(_umoddi3.o)
                0x9d000c8c                __umoddi3
 .text          0x9d0010f0      0x458 c:/program files (x86)/microchip/xc32/v2.20/bin/bin/../../lib/gcc/pic32mx/4.8.3\libgcc.a(_udivdi3.o)
                0x9d0010f0                __udivdi3

.text.spi_init  0x9d001548      0x2e4
 .text.spi_init
                0x9d001548      0x2e4 build/default/production/_ext/1360937237/NTSC.o
                0x9d001548                spi_init

.rodata         0x9d00182c      0x24c
 .rodata        0x9d00182c      0x24c build/default/production/_ext/1360937237/disp.o
                0x9d001838                chara_gene

.text._DMA2Interrupt
                0x9d001a78      0x1a8
 .text._DMA2Interrupt
                0x9d001a78      0x1a8 build/default/production/_ext/1360937237/NTSC.o
                0x9d001a78                _DMA2Interrupt

.text.sync_data_set
                0x9d001c20      0x17c
 .text.sync_data_set
                0x9d001c20      0x17c build/default/production/_ext/1360937237/NTSC.o
                0x9d001c20                sync_data_set

.text._DMA3Interrupt
                0x9d001d9c      0x164
 .text._DMA3Interrupt
                0x9d001d9c      0x164 build/default/production/_ext/1360937237/NTSC.o
                0x9d001d9c                _DMA3Interrupt

.rodata         0x9d001f00      0x158
 .rodata        0x9d001f00      0x158 build/default/production/_ext/1171490990/exceptions.o

.text.fputc     0x9d002058      0x144
 .text.fputc    0x9d002058      0x144 c:/program files (x86)/microchip/xc32/v2.20/bin/bin/../../lib/gcc/pic32mx/4.8.3/../../../../pic32mx/lib\libc.a(_fputc_simple.o)
                0x9d002058                fputc

.text._flsbuf   0x9d00219c      0x12c
 .text._flsbuf  0x9d00219c      0x12c c:/program files (x86)/microchip/xc32/v2.20/bin/bin/../../lib/gcc/pic32mx/4.8.3/../../../../pic32mx/lib\libc.a(_flsbuf_simple.o)
                0x9d00219c                _flsbuf

.text.char_disp
                0x9d0022c8      0x118
 .text.char_disp
                0x9d0022c8      0x118 build/default/production/_ext/1360937237/disp.o
                0x9d0022c8                char_disp

.rodata         0x9d0023e0      0x104
 .rodata        0x9d0023e0      0x104 c:/program files (x86)/microchip/xc32/v2.20/bin/bin/../../lib/gcc/pic32mx/4.8.3/../../../../pic32mx/lib\libc.a(ctype.o)
                0x9d0023e0                _ctype

.dinit          0x9d0024e4      0x100
 .dinit         0x9d0024e4      0x100 data_init

.text.general_exception
                0x9d0025e4       0xdc
 .text.general_exception
                0x9d0025e4       0xdc c:/program files (x86)/microchip/xc32/v2.20/bin/bin/../../lib/gcc/pic32mx/4.8.3/../../../../pic32mx/lib\libpic32.a(general-exception.o)
                0x9d0025e4                _general_exception_context

.rodata         0x9d0026c0       0xd0
 .rodata        0x9d0026c0       0xd0 c:/program files (x86)/microchip/xc32/v2.20/bin/bin/../../lib/gcc/pic32mx/4.8.3/../../../../pic32mx/lib\libc.a(doprnt_cdnopsuxX.eo)

.text.main      0x9d002790       0xa4
 .text.main     0x9d002790       0xa4 build/default/production/_ext/1360937237/main.o
                0x9d002790                main

.text.write     0x9d002834       0x9c
 .text.write    0x9d002834       0x9c c:/program files (x86)/microchip/xc32/v2.20/bin/bin/../../lib/gcc/pic32mx/4.8.3/../../../../pic32mx/lib\libpic32.a(write.o)
                0x9d002834                write

.text.Pset      0x9d0028d0       0x98
 .text.Pset     0x9d0028d0       0x98 build/default/production/_ext/1360937237/NTSC.o
                0x9d0028d0                Pset

.text           0x9d002968       0x84
 .text          0x9d002968       0x84 c:/program files (x86)/microchip/xc32/v2.20/bin/bin/../../lib/gcc/pic32mx/4.8.3/../../../../pic32mx/lib\libpic32.a(pic32_data_init.o)
                0x9d002968                __pic32_data_init

.text._sprintf_cdnopuxX
                0x9d0029ec       0x68
 .text._sprintf_cdnopuxX
                0x9d0029ec       0x68 c:/program files (x86)/microchip/xc32/v2.20/bin/bin/../../lib/gcc/pic32mx/4.8.3/../../../../pic32mx/lib\libc.a(sprintf_cdnopuxX.eo)
                0x9d0029ec                _sprintf_cdnopuxX

.text.Pget      0x9d002a54       0x60
 .text.Pget     0x9d002a54       0x60 build/default/production/_ext/1360937237/NTSC.o
                0x9d002a54                Pget

.text.display   0x9d002ab4       0x60
 .text.display  0x9d002ab4       0x60 build/default/production/_ext/1360937237/disp.o
                0x9d002ab4                display

.text.SYS_Initialize
                0x9d002b14       0x54
 .text.SYS_Initialize
                0x9d002b14       0x54 build/default/production/_ext/1171490990/initialization.o
                0x9d002b14                SYS_Initialize

.text.main_entry
                0x9d002b68       0x54
 .text.main_entry
                0x9d002b68       0x54 C:\Users\kiyos\AppData\Local\Temp\cccKULYV.o
                0x9d002b9c                __crt0_exit

.text._general_exception_handler
                0x9d002bbc       0x4c
 .text._general_exception_handler
                0x9d002bbc       0x4c build/default/production/_ext/1171490990/exceptions.o
                0x9d002bbc                _general_exception_handler

.text._bootstrap_exception_handler
                0x9d002c08       0x48
 .text._bootstrap_exception_handler
                0x9d002c08       0x48 c:/program files (x86)/microchip/xc32/v2.20/bin/bin/../../lib/gcc/pic32mx/4.8.3/../../../../pic32mx/lib\libpic32.a(default-bootstrap-exception-handler.o)
                0x9d002c08                _bootstrap_exception_handler

.vector_default
                0x9d002c50       0x48
 .vector_default
                0x9d002c50       0x48 c:/program files (x86)/microchip/xc32/v2.20/bin/bin/../../lib/gcc/pic32mx/4.8.3/../../../../pic32mx/lib\libpic32.a(defaultinterrupt.o)
                0x9d002c50                _DefaultInterrupt

.text           0x9d002c98       0x44
 .text          0x9d002c98       0x44 c:/program files (x86)/microchip/xc32/v2.20/bin/bin/../../lib/gcc/pic32mx/4.8.3/../../../../pic32mx/lib\pic32_software_reset.o
                0x9d002c98                __pic32_software_reset

.text._printf_cdnopsuxX
                0x9d002cdc       0x40
 .text._printf_cdnopsuxX
                0x9d002cdc       0x40 c:/program files (x86)/microchip/xc32/v2.20/bin/bin/../../lib/gcc/pic32mx/4.8.3/../../../../pic32mx/lib\libc.a(printf_cdnopsuxX.eo)
                0x9d002cdc                _printf_cdnopsuxX

.text.GPIO_Initialize
                0x9d002d1c       0x28
 .text.GPIO_Initialize
                0x9d002d1c       0x28 build/default/production/_ext/1865254177/plib_gpio.o
                0x9d002d1c                GPIO_Initialize

.rodata         0x9d002d44       0x28
 .rodata        0x9d002d44       0x28 build/default/production/_ext/1360937237/main.o

.text           0x9d002d6c       0x18
 .text          0x9d002d6c       0x18 c:/program files (x86)/microchip/xc32/v2.20/bin/bin/../../lib/gcc/pic32mx/4.8.3/../../../../pic32mx/lib\libpic32.a(default-nmi-handler.o)
                0x9d002d6c                _nmi_handler

.text.EVIC_Initialize
                0x9d002d84       0x14
 .text.EVIC_Initialize
                0x9d002d84       0x14 build/default/production/_ext/1865200349/plib_evic.o
                0x9d002d84                EVIC_Initialize

.text.CLK_Initialize
                0x9d002d98        0x8
 .text.CLK_Initialize
                0x9d002d98        0x8 build/default/production/_ext/60165520/plib_clk.o
                0x9d002d98                CLK_Initialize

.text._mon_putc
                0x9d002da0        0x8
 .text._mon_putc
                0x9d002da0        0x8 build/default/production/_ext/163028504/xc32_monitor.o
                0x9d002da0                _mon_putc

.text._on_reset
                0x9d002da8        0x8
 .text._on_reset
                0x9d002da8        0x8 c:/program files (x86)/microchip/xc32/v2.20/bin/bin/../../lib/gcc/pic32mx/4.8.3/../../../../pic32mx/lib\libpic32.a(default-on-reset.o)
                0x9d002da8                _on_reset

.text._on_bootstrap
                0x9d002db0        0x8
 .text._on_bootstrap
                0x9d002db0        0x8 c:/program files (x86)/microchip/xc32/v2.20/bin/bin/../../lib/gcc/pic32mx/4.8.3/../../../../pic32mx/lib\libpic32.a(default-on-bootstrap.o)
                0x9d002db0                _on_bootstrap